Archive member included to satisfy reference by file (symbol)

/home/kunal/ti/ccs1260/ccs/tools/compiler/gcc-arm-none-eabi-9-2019-q4-major/bin/../lib/gcc/arm-none-eabi/9.2.1/../../../../arm-none-eabi/lib/thumb/v7e-m/nofp/libg.a(lib_a-exit.o)
                              /home/kunal/ti/ccs1260/ccs/tools/compiler/gcc-arm-none-eabi-9-2019-q4-major/bin/../lib/gcc/arm-none-eabi/9.2.1/../../../../arm-none-eabi/lib/thumb/v7e-m/nofp/crt0.o (exit)
/home/kunal/ti/ccs1260/ccs/tools/compiler/gcc-arm-none-eabi-9-2019-q4-major/bin/../lib/gcc/arm-none-eabi/9.2.1/../../../../arm-none-eabi/lib/thumb/v7e-m/nofp/libg.a(lib_a-impure.o)
                              /home/kunal/ti/ccs1260/ccs/tools/compiler/gcc-arm-none-eabi-9-2019-q4-major/bin/../lib/gcc/arm-none-eabi/9.2.1/../../../../arm-none-eabi/lib/thumb/v7e-m/nofp/libg.a(lib_a-exit.o) (_global_impure_ptr)
/home/kunal/ti/ccs1260/ccs/tools/compiler/gcc-arm-none-eabi-9-2019-q4-major/bin/../lib/gcc/arm-none-eabi/9.2.1/../../../../arm-none-eabi/lib/thumb/v7e-m/nofp/libg.a(lib_a-init.o)
                              /home/kunal/ti/ccs1260/ccs/tools/compiler/gcc-arm-none-eabi-9-2019-q4-major/bin/../lib/gcc/arm-none-eabi/9.2.1/../../../../arm-none-eabi/lib/thumb/v7e-m/nofp/crt0.o (__libc_init_array)
/home/kunal/ti/ccs1260/ccs/tools/compiler/gcc-arm-none-eabi-9-2019-q4-major/bin/../lib/gcc/arm-none-eabi/9.2.1/../../../../arm-none-eabi/lib/thumb/v7e-m/nofp/libg.a(lib_a-memset.o)
                              /home/kunal/ti/ccs1260/ccs/tools/compiler/gcc-arm-none-eabi-9-2019-q4-major/bin/../lib/gcc/arm-none-eabi/9.2.1/../../../../arm-none-eabi/lib/thumb/v7e-m/nofp/crt0.o (memset)
/home/kunal/ti/ccs1260/ccs/tools/compiler/gcc-arm-none-eabi-9-2019-q4-major/bin/../lib/gcc/arm-none-eabi/9.2.1/../../../../arm-none-eabi/lib/thumb/v7e-m/nofp/libg.a(lib_a-__call_atexit.o)
                              /home/kunal/ti/ccs1260/ccs/tools/compiler/gcc-arm-none-eabi-9-2019-q4-major/bin/../lib/gcc/arm-none-eabi/9.2.1/../../../../arm-none-eabi/lib/thumb/v7e-m/nofp/libg.a(lib_a-exit.o) (__call_exitprocs)
/home/kunal/ti/ccs1260/ccs/tools/compiler/gcc-arm-none-eabi-9-2019-q4-major/bin/../lib/gcc/arm-none-eabi/9.2.1/../../../../arm-none-eabi/lib/thumb/v7e-m/nofp/libg.a(lib_a-atexit.o)
                              /home/kunal/ti/ccs1260/ccs/tools/compiler/gcc-arm-none-eabi-9-2019-q4-major/bin/../lib/gcc/arm-none-eabi/9.2.1/../../../../arm-none-eabi/lib/thumb/v7e-m/nofp/libg.a(lib_a-__call_atexit.o) (atexit)
/home/kunal/ti/ccs1260/ccs/tools/compiler/gcc-arm-none-eabi-9-2019-q4-major/bin/../lib/gcc/arm-none-eabi/9.2.1/../../../../arm-none-eabi/lib/thumb/v7e-m/nofp/libg.a(lib_a-fini.o)
                              /home/kunal/ti/ccs1260/ccs/tools/compiler/gcc-arm-none-eabi-9-2019-q4-major/bin/../lib/gcc/arm-none-eabi/9.2.1/../../../../arm-none-eabi/lib/thumb/v7e-m/nofp/libg.a(lib_a-__call_atexit.o) (__libc_fini_array)
/home/kunal/ti/ccs1260/ccs/tools/compiler/gcc-arm-none-eabi-9-2019-q4-major/bin/../lib/gcc/arm-none-eabi/9.2.1/../../../../arm-none-eabi/lib/thumb/v7e-m/nofp/libg.a(lib_a-lock.o)
                              /home/kunal/ti/ccs1260/ccs/tools/compiler/gcc-arm-none-eabi-9-2019-q4-major/bin/../lib/gcc/arm-none-eabi/9.2.1/../../../../arm-none-eabi/lib/thumb/v7e-m/nofp/libg.a(lib_a-__call_atexit.o) (__retarget_lock_acquire_recursive)
/home/kunal/ti/ccs1260/ccs/tools/compiler/gcc-arm-none-eabi-9-2019-q4-major/bin/../lib/gcc/arm-none-eabi/9.2.1/../../../../arm-none-eabi/lib/thumb/v7e-m/nofp/libg.a(lib_a-__atexit.o)
                              /home/kunal/ti/ccs1260/ccs/tools/compiler/gcc-arm-none-eabi-9-2019-q4-major/bin/../lib/gcc/arm-none-eabi/9.2.1/../../../../arm-none-eabi/lib/thumb/v7e-m/nofp/libg.a(lib_a-atexit.o) (__register_exitproc)
/home/kunal/ti/ccs1260/ccs/tools/compiler/gcc-arm-none-eabi-9-2019-q4-major/bin/../lib/gcc/arm-none-eabi/9.2.1/../../../../arm-none-eabi/lib/thumb/v7e-m/nofp/libnosys.a(_exit.o)
                              /home/kunal/ti/ccs1260/ccs/tools/compiler/gcc-arm-none-eabi-9-2019-q4-major/bin/../lib/gcc/arm-none-eabi/9.2.1/../../../../arm-none-eabi/lib/thumb/v7e-m/nofp/libg.a(lib_a-exit.o) (_exit)

Allocating common symbols
Common symbol       size              file

__lock___atexit_recursive_mutex
                    0x1               /home/kunal/ti/ccs1260/ccs/tools/compiler/gcc-arm-none-eabi-9-2019-q4-major/bin/../lib/gcc/arm-none-eabi/9.2.1/../../../../arm-none-eabi/lib/thumb/v7e-m/nofp/libg.a(lib_a-lock.o)
__lock___arc4random_mutex
                    0x1               /home/kunal/ti/ccs1260/ccs/tools/compiler/gcc-arm-none-eabi-9-2019-q4-major/bin/../lib/gcc/arm-none-eabi/9.2.1/../../../../arm-none-eabi/lib/thumb/v7e-m/nofp/libg.a(lib_a-lock.o)
__lock___env_recursive_mutex
                    0x1               /home/kunal/ti/ccs1260/ccs/tools/compiler/gcc-arm-none-eabi-9-2019-q4-major/bin/../lib/gcc/arm-none-eabi/9.2.1/../../../../arm-none-eabi/lib/thumb/v7e-m/nofp/libg.a(lib_a-lock.o)
__lock___sinit_recursive_mutex
                    0x1               /home/kunal/ti/ccs1260/ccs/tools/compiler/gcc-arm-none-eabi-9-2019-q4-major/bin/../lib/gcc/arm-none-eabi/9.2.1/../../../../arm-none-eabi/lib/thumb/v7e-m/nofp/libg.a(lib_a-lock.o)
__lock___malloc_recursive_mutex
                    0x1               /home/kunal/ti/ccs1260/ccs/tools/compiler/gcc-arm-none-eabi-9-2019-q4-major/bin/../lib/gcc/arm-none-eabi/9.2.1/../../../../arm-none-eabi/lib/thumb/v7e-m/nofp/libg.a(lib_a-lock.o)
selected_color      0x4               ./main.o
color               0xa               ./main.o
__lock___at_quick_exit_mutex
                    0x1               /home/kunal/ti/ccs1260/ccs/tools/compiler/gcc-arm-none-eabi-9-2019-q4-major/bin/../lib/gcc/arm-none-eabi/9.2.1/../../../../arm-none-eabi/lib/thumb/v7e-m/nofp/libg.a(lib_a-lock.o)
cmd_argument        0x1e              ./main.o
__lock___dd_hash_mutex
                    0x1               /home/kunal/ti/ccs1260/ccs/tools/compiler/gcc-arm-none-eabi-9-2019-q4-major/bin/../lib/gcc/arm-none-eabi/9.2.1/../../../../arm-none-eabi/lib/thumb/v7e-m/nofp/libg.a(lib_a-lock.o)
__lock___tz_mutex   0x1               /home/kunal/ti/ccs1260/ccs/tools/compiler/gcc-arm-none-eabi-9-2019-q4-major/bin/../lib/gcc/arm-none-eabi/9.2.1/../../../../arm-none-eabi/lib/thumb/v7e-m/nofp/libg.a(lib_a-lock.o)
console_cmd_buffer  0x1e              ./main.o
str_timer           0xa               ./main.o
cmd                 0x1e              ./main.o
__lock___sfp_recursive_mutex
                    0x1               /home/kunal/ti/ccs1260/ccs/tools/compiler/gcc-arm-none-eabi-9-2019-q4-major/bin/../lib/gcc/arm-none-eabi/9.2.1/../../../../arm-none-eabi/lib/thumb/v7e-m/nofp/libg.a(lib_a-lock.o)

Memory Configuration

Name             Origin             Length             Attributes
FLASH            0x0000000000000000 0x0000000000040000 xr
SRAM             0x0000000020000000 0x0000000000008000 xw
*default*        0x0000000000000000 0xffffffffffffffff

Linker script and memory map

LOAD /home/kunal/ti/ccs1260/ccs/tools/compiler/gcc-arm-none-eabi-9-2019-q4-major/bin/../lib/gcc/arm-none-eabi/9.2.1/thumb/v7e-m/nofp/crti.o
LOAD /home/kunal/ti/ccs1260/ccs/tools/compiler/gcc-arm-none-eabi-9-2019-q4-major/bin/../lib/gcc/arm-none-eabi/9.2.1/thumb/v7e-m/nofp/crtbegin.o
LOAD /home/kunal/ti/ccs1260/ccs/tools/compiler/gcc-arm-none-eabi-9-2019-q4-major/bin/../lib/gcc/arm-none-eabi/9.2.1/../../../../arm-none-eabi/lib/thumb/v7e-m/nofp/crt0.o
LOAD ./blink.o
LOAD ./game.o
LOAD ./keypad.o
LOAD ./lcd.o
LOAD ./main.o
LOAD ./segment7.o
LOAD ./tm4c123gh6pm_startup_ccs_gcc.o
LOAD ./uart.o
                0x0000000000000000                PROVIDE (_intvecs_base_address = 0x0)

.intvecs        0x0000000000000000      0x26c
 *(.intvecs)
 .intvecs       0x0000000000000000      0x26c ./tm4c123gh6pm_startup_ccs_gcc.o
                0x0000000000000000                g_pfnVectors
                0x0000000020000000                PROVIDE (_vtable_base_address = 0x20000000)

.vtable
 *(.vtable)

.text           0x000000000000026c     0x1a98
 CREATE_OBJECT_SYMBOLS
 *(.text)
 .text          0x000000000000026c        0x0 /home/kunal/ti/ccs1260/ccs/tools/compiler/gcc-arm-none-eabi-9-2019-q4-major/bin/../lib/gcc/arm-none-eabi/9.2.1/thumb/v7e-m/nofp/crti.o
 .text          0x000000000000026c       0x40 /home/kunal/ti/ccs1260/ccs/tools/compiler/gcc-arm-none-eabi-9-2019-q4-major/bin/../lib/gcc/arm-none-eabi/9.2.1/thumb/v7e-m/nofp/crtbegin.o
 .text          0x00000000000002ac       0x74 /home/kunal/ti/ccs1260/ccs/tools/compiler/gcc-arm-none-eabi-9-2019-q4-major/bin/../lib/gcc/arm-none-eabi/9.2.1/../../../../arm-none-eabi/lib/thumb/v7e-m/nofp/crt0.o
                0x00000000000002ac                _mainCRTStartup
                0x00000000000002ac                _start
 .text          0x0000000000000320        0x0 ./blink.o
 .text          0x0000000000000320        0x0 ./game.o
 .text          0x0000000000000320        0x0 ./keypad.o
 .text          0x0000000000000320        0x0 ./lcd.o
 .text          0x0000000000000320        0x0 ./main.o
 .text          0x0000000000000320        0x0 ./segment7.o
 .text          0x0000000000000320        0x0 ./tm4c123gh6pm_startup_ccs_gcc.o
 .text          0x0000000000000320        0x0 ./uart.o
 .text          0x0000000000000320        0x0 /home/kunal/ti/ccs1260/ccs/tools/compiler/gcc-arm-none-eabi-9-2019-q4-major/bin/../lib/gcc/arm-none-eabi/9.2.1/../../../../arm-none-eabi/lib/thumb/v7e-m/nofp/libg.a(lib_a-exit.o)
 .text          0x0000000000000320        0x0 /home/kunal/ti/ccs1260/ccs/tools/compiler/gcc-arm-none-eabi-9-2019-q4-major/bin/../lib/gcc/arm-none-eabi/9.2.1/../../../../arm-none-eabi/lib/thumb/v7e-m/nofp/libg.a(lib_a-impure.o)
 .text          0x0000000000000320        0x0 /home/kunal/ti/ccs1260/ccs/tools/compiler/gcc-arm-none-eabi-9-2019-q4-major/bin/../lib/gcc/arm-none-eabi/9.2.1/../../../../arm-none-eabi/lib/thumb/v7e-m/nofp/libg.a(lib_a-init.o)
 .text          0x0000000000000320        0x0 /home/kunal/ti/ccs1260/ccs/tools/compiler/gcc-arm-none-eabi-9-2019-q4-major/bin/../lib/gcc/arm-none-eabi/9.2.1/../../../../arm-none-eabi/lib/thumb/v7e-m/nofp/libg.a(lib_a-memset.o)
 .text          0x0000000000000320        0x0 /home/kunal/ti/ccs1260/ccs/tools/compiler/gcc-arm-none-eabi-9-2019-q4-major/bin/../lib/gcc/arm-none-eabi/9.2.1/../../../../arm-none-eabi/lib/thumb/v7e-m/nofp/libg.a(lib_a-__call_atexit.o)
 .text          0x0000000000000320        0x0 /home/kunal/ti/ccs1260/ccs/tools/compiler/gcc-arm-none-eabi-9-2019-q4-major/bin/../lib/gcc/arm-none-eabi/9.2.1/../../../../arm-none-eabi/lib/thumb/v7e-m/nofp/libg.a(lib_a-atexit.o)
 .text          0x0000000000000320        0x0 /home/kunal/ti/ccs1260/ccs/tools/compiler/gcc-arm-none-eabi-9-2019-q4-major/bin/../lib/gcc/arm-none-eabi/9.2.1/../../../../arm-none-eabi/lib/thumb/v7e-m/nofp/libg.a(lib_a-fini.o)
 .text          0x0000000000000320        0x0 /home/kunal/ti/ccs1260/ccs/tools/compiler/gcc-arm-none-eabi-9-2019-q4-major/bin/../lib/gcc/arm-none-eabi/9.2.1/../../../../arm-none-eabi/lib/thumb/v7e-m/nofp/libg.a(lib_a-lock.o)
 .text          0x0000000000000320        0x0 /home/kunal/ti/ccs1260/ccs/tools/compiler/gcc-arm-none-eabi-9-2019-q4-major/bin/../lib/gcc/arm-none-eabi/9.2.1/../../../../arm-none-eabi/lib/thumb/v7e-m/nofp/libg.a(lib_a-__atexit.o)
 .text          0x0000000000000320        0x0 /home/kunal/ti/ccs1260/ccs/tools/compiler/gcc-arm-none-eabi-9-2019-q4-major/bin/../lib/gcc/arm-none-eabi/9.2.1/../../../../arm-none-eabi/lib/thumb/v7e-m/nofp/libnosys.a(_exit.o)
 .text          0x0000000000000320        0x0 /home/kunal/ti/ccs1260/ccs/tools/compiler/gcc-arm-none-eabi-9-2019-q4-major/bin/../lib/gcc/arm-none-eabi/9.2.1/thumb/v7e-m/nofp/crtend.o
 .text          0x0000000000000320        0x0 /home/kunal/ti/ccs1260/ccs/tools/compiler/gcc-arm-none-eabi-9-2019-q4-major/bin/../lib/gcc/arm-none-eabi/9.2.1/thumb/v7e-m/nofp/crtn.o
 *(.text.*)
 .text.check_win
                0x0000000000000320      0x178 ./game.o
                0x0000000000000320                check_win
 .text.reset_game
                0x0000000000000498       0x58 ./game.o
                0x0000000000000498                reset_game
 .text.keypad_init
                0x00000000000004f0       0x7c ./keypad.o
                0x00000000000004f0                keypad_init
 .text.keypad_interrupt
                0x000000000000056c       0x4c ./keypad.o
                0x000000000000056c                keypad_interrupt
 .text.lcd_config
                0x00000000000005b8       0x74 ./lcd.o
                0x00000000000005b8                lcd_config
 .text.lcd_init
                0x000000000000062c       0xd4 ./lcd.o
                0x000000000000062c                lcd_init
 .text.lcd_command
                0x0000000000000700       0x58 ./lcd.o
                0x0000000000000700                lcd_command
 .text.lcd_print
                0x0000000000000758       0x8c ./lcd.o
                0x0000000000000758                lcd_print
 .text.lcd_addr_addr
                0x00000000000007e4       0x8c ./lcd.o
                0x00000000000007e4                lcd_addr_addr
 .text.lcd_delay
                0x0000000000000870       0x3e ./lcd.o
                0x0000000000000870                lcd_delay
 *fill*         0x00000000000008ae        0x2 
 .text.main     0x00000000000008b0       0xb0 ./main.o
                0x00000000000008b0                main
 .text.pre_process
                0x0000000000000960      0x130 ./main.o
                0x0000000000000960                pre_process
 .text.myHandler
                0x0000000000000a90       0x64 ./main.o
                0x0000000000000a90                myHandler
 .text.myUartHandler
                0x0000000000000af4      0x164 ./main.o
                0x0000000000000af4                myUartHandler
 .text.change_color
                0x0000000000000c58      0x104 ./main.o
                0x0000000000000c58                change_color
 .text.change_blink_speed
                0x0000000000000d5c       0x70 ./main.o
                0x0000000000000d5c                change_blink_speed
 .text.switch_led_init
                0x0000000000000dcc       0x98 ./main.o
                0x0000000000000dcc                switch_led_init
 .text.console_pause
                0x0000000000000e64       0x40 ./main.o
                0x0000000000000e64                console_pause
 .text.console_resume
                0x0000000000000ea4       0x50 ./main.o
                0x0000000000000ea4                console_resume
 .text.console_start
                0x0000000000000ef4       0x48 ./main.o
                0x0000000000000ef4                console_start
 .text.console_stop
                0x0000000000000f3c       0x70 ./main.o
                0x0000000000000f3c                console_stop
 .text.gpioc_handler
                0x0000000000000fac       0x1c ./main.o
                0x0000000000000fac                gpioc_handler
 .text.check_keypad_sw
                0x0000000000000fc8      0x394 ./main.o
                0x0000000000000fc8                check_keypad_sw
 .text.delay_timer
                0x000000000000135c       0x3e ./main.o
                0x000000000000135c                delay_timer
 .text.delayMs  0x000000000000139a       0x40 ./main.o
                0x000000000000139a                delayMs
 *fill*         0x00000000000013da        0x2 
 .text.init_7segment
                0x00000000000013dc       0x68 ./segment7.o
                0x00000000000013dc                init_7segment
 .text.segment_display
                0x0000000000001444       0x70 ./segment7.o
                0x0000000000001444                segment_display
 .text.SysTick_init
                0x00000000000014b4       0x30 ./segment7.o
                0x00000000000014b4                SysTick_init
 .text.SysTick_Handler
                0x00000000000014e4      0x110 ./segment7.o
                0x00000000000014e4                SysTick_Handler
 .text.enable_irq
                0x00000000000015f4        0xe ./segment7.o
                0x00000000000015f4                enable_irq
 *fill*         0x0000000000001602        0x2 
 .text.segment_display_refresh
                0x0000000000001604       0x60 ./segment7.o
                0x0000000000001604                segment_display_refresh
 .text.delayMs_time
                0x0000000000001664       0x3e ./segment7.o
                0x0000000000001664                delayMs_time
 *fill*         0x00000000000016a2        0x2 
 .text.ResetISR
                0x00000000000016a4       0x6c ./tm4c123gh6pm_startup_ccs_gcc.o
                0x00000000000016a4                ResetISR
 .text.NmiSR    0x0000000000001710        0x6 ./tm4c123gh6pm_startup_ccs_gcc.o
 .text.FaultISR
                0x0000000000001716        0x6 ./tm4c123gh6pm_startup_ccs_gcc.o
 .text.IntDefaultHandler
                0x000000000000171c        0x6 ./tm4c123gh6pm_startup_ccs_gcc.o
 *fill*         0x0000000000001722        0x2 
 .text.UART_Init
                0x0000000000001724       0xf0 ./uart.o
                0x0000000000001724                UART_Init
 .text.UART_InChar
                0x0000000000001814       0x28 ./uart.o
                0x0000000000001814                UART_InChar
 .text.UART0_Transmitter
                0x000000000000183c       0x30 ./uart.o
                0x000000000000183c                UART0_Transmitter
 .text.UART_OutChar
                0x000000000000186c       0x30 ./uart.o
                0x000000000000186c                UART_OutChar
 .text.error    0x000000000000189c       0x30 ./uart.o
                0x000000000000189c                error
 .text.print    0x00000000000018cc       0x38 ./uart.o
                0x00000000000018cc                print
 .text.print_2d
                0x0000000000001904       0x60 ./uart.o
                0x0000000000001904                print_2d
 .text.mystringcompare
                0x0000000000001964       0xaa ./uart.o
                0x0000000000001964                mystringcompare
 *fill*         0x0000000000001a0e        0x2 
 .text.exit     0x0000000000001a10       0x20 /home/kunal/ti/ccs1260/ccs/tools/compiler/gcc-arm-none-eabi-9-2019-q4-major/bin/../lib/gcc/arm-none-eabi/9.2.1/../../../../arm-none-eabi/lib/thumb/v7e-m/nofp/libg.a(lib_a-exit.o)
                0x0000000000001a10                exit
 .text.__libc_init_array
                0x0000000000001a30       0x48 /home/kunal/ti/ccs1260/ccs/tools/compiler/gcc-arm-none-eabi-9-2019-q4-major/bin/../lib/gcc/arm-none-eabi/9.2.1/../../../../arm-none-eabi/lib/thumb/v7e-m/nofp/libg.a(lib_a-init.o)
                0x0000000000001a30                __libc_init_array
 .text.memset   0x0000000000001a78       0xa0 /home/kunal/ti/ccs1260/ccs/tools/compiler/gcc-arm-none-eabi-9-2019-q4-major/bin/../lib/gcc/arm-none-eabi/9.2.1/../../../../arm-none-eabi/lib/thumb/v7e-m/nofp/libg.a(lib_a-memset.o)
                0x0000000000001a78                memset
 .text.startup.register_fini
                0x0000000000001b18       0x14 /home/kunal/ti/ccs1260/ccs/tools/compiler/gcc-arm-none-eabi-9-2019-q4-major/bin/../lib/gcc/arm-none-eabi/9.2.1/../../../../arm-none-eabi/lib/thumb/v7e-m/nofp/libg.a(lib_a-__call_atexit.o)
 .text.__call_exitprocs
                0x0000000000001b2c       0xc4 /home/kunal/ti/ccs1260/ccs/tools/compiler/gcc-arm-none-eabi-9-2019-q4-major/bin/../lib/gcc/arm-none-eabi/9.2.1/../../../../arm-none-eabi/lib/thumb/v7e-m/nofp/libg.a(lib_a-__call_atexit.o)
                0x0000000000001b2c                __call_exitprocs
 .text.atexit   0x0000000000001bf0        0xc /home/kunal/ti/ccs1260/ccs/tools/compiler/gcc-arm-none-eabi-9-2019-q4-major/bin/../lib/gcc/arm-none-eabi/9.2.1/../../../../arm-none-eabi/lib/thumb/v7e-m/nofp/libg.a(lib_a-atexit.o)
                0x0000000000001bf0                atexit
 .text.__libc_fini_array
                0x0000000000001bfc       0x2c /home/kunal/ti/ccs1260/ccs/tools/compiler/gcc-arm-none-eabi-9-2019-q4-major/bin/../lib/gcc/arm-none-eabi/9.2.1/../../../../arm-none-eabi/lib/thumb/v7e-m/nofp/libg.a(lib_a-fini.o)
                0x0000000000001bfc                __libc_fini_array
 .text.__retarget_lock_init
                0x0000000000001c28        0x4 /home/kunal/ti/ccs1260/ccs/tools/compiler/gcc-arm-none-eabi-9-2019-q4-major/bin/../lib/gcc/arm-none-eabi/9.2.1/../../../../arm-none-eabi/lib/thumb/v7e-m/nofp/libg.a(lib_a-lock.o)
                0x0000000000001c28                __retarget_lock_init
 .text.__retarget_lock_init_recursive
                0x0000000000001c2c        0x4 /home/kunal/ti/ccs1260/ccs/tools/compiler/gcc-arm-none-eabi-9-2019-q4-major/bin/../lib/gcc/arm-none-eabi/9.2.1/../../../../arm-none-eabi/lib/thumb/v7e-m/nofp/libg.a(lib_a-lock.o)
                0x0000000000001c2c                __retarget_lock_init_recursive
 .text.__retarget_lock_close
                0x0000000000001c30        0x4 /home/kunal/ti/ccs1260/ccs/tools/compiler/gcc-arm-none-eabi-9-2019-q4-major/bin/../lib/gcc/arm-none-eabi/9.2.1/../../../../arm-none-eabi/lib/thumb/v7e-m/nofp/libg.a(lib_a-lock.o)
                0x0000000000001c30                __retarget_lock_close
 .text.__retarget_lock_close_recursive
                0x0000000000001c34        0x4 /home/kunal/ti/ccs1260/ccs/tools/compiler/gcc-arm-none-eabi-9-2019-q4-major/bin/../lib/gcc/arm-none-eabi/9.2.1/../../../../arm-none-eabi/lib/thumb/v7e-m/nofp/libg.a(lib_a-lock.o)
                0x0000000000001c34                __retarget_lock_close_recursive
 .text.__retarget_lock_acquire
                0x0000000000001c38        0x4 /home/kunal/ti/ccs1260/ccs/tools/compiler/gcc-arm-none-eabi-9-2019-q4-major/bin/../lib/gcc/arm-none-eabi/9.2.1/../../../../arm-none-eabi/lib/thumb/v7e-m/nofp/libg.a(lib_a-lock.o)
                0x0000000000001c38                __retarget_lock_acquire
 .text.__retarget_lock_acquire_recursive
                0x0000000000001c3c        0x4 /home/kunal/ti/ccs1260/ccs/tools/compiler/gcc-arm-none-eabi-9-2019-q4-major/bin/../lib/gcc/arm-none-eabi/9.2.1/../../../../arm-none-eabi/lib/thumb/v7e-m/nofp/libg.a(lib_a-lock.o)
                0x0000000000001c3c                __retarget_lock_acquire_recursive
 .text.__retarget_lock_try_acquire
                0x0000000000001c40        0x4 /home/kunal/ti/ccs1260/ccs/tools/compiler/gcc-arm-none-eabi-9-2019-q4-major/bin/../lib/gcc/arm-none-eabi/9.2.1/../../../../arm-none-eabi/lib/thumb/v7e-m/nofp/libg.a(lib_a-lock.o)
                0x0000000000001c40                __retarget_lock_try_acquire
 .text.__retarget_lock_try_acquire_recursive
                0x0000000000001c44        0x4 /home/kunal/ti/ccs1260/ccs/tools/compiler/gcc-arm-none-eabi-9-2019-q4-major/bin/../lib/gcc/arm-none-eabi/9.2.1/../../../../arm-none-eabi/lib/thumb/v7e-m/nofp/libg.a(lib_a-lock.o)
                0x0000000000001c44                __retarget_lock_try_acquire_recursive
 .text.__retarget_lock_release
                0x0000000000001c48        0x4 /home/kunal/ti/ccs1260/ccs/tools/compiler/gcc-arm-none-eabi-9-2019-q4-major/bin/../lib/gcc/arm-none-eabi/9.2.1/../../../../arm-none-eabi/lib/thumb/v7e-m/nofp/libg.a(lib_a-lock.o)
                0x0000000000001c48                __retarget_lock_release
 .text.__retarget_lock_release_recursive
                0x0000000000001c4c        0x4 /home/kunal/ti/ccs1260/ccs/tools/compiler/gcc-arm-none-eabi-9-2019-q4-major/bin/../lib/gcc/arm-none-eabi/9.2.1/../../../../arm-none-eabi/lib/thumb/v7e-m/nofp/libg.a(lib_a-lock.o)
                0x0000000000001c4c                __retarget_lock_release_recursive
 .text.__register_exitproc
                0x0000000000001c50       0x8c /home/kunal/ti/ccs1260/ccs/tools/compiler/gcc-arm-none-eabi-9-2019-q4-major/bin/../lib/gcc/arm-none-eabi/9.2.1/../../../../arm-none-eabi/lib/thumb/v7e-m/nofp/libg.a(lib_a-__atexit.o)
                0x0000000000001c50                __register_exitproc
 .text._exit    0x0000000000001cdc        0x4 /home/kunal/ti/ccs1260/ccs/tools/compiler/gcc-arm-none-eabi-9-2019-q4-major/bin/../lib/gcc/arm-none-eabi/9.2.1/../../../../arm-none-eabi/lib/thumb/v7e-m/nofp/libnosys.a(_exit.o)
                0x0000000000001cdc                _exit
                0x0000000000001ce0                . = ALIGN (0x4)
 *(.ctors)
                0x0000000000001ce0                . = ALIGN (0x4)
 *(.dtors)
                0x0000000000001ce0                . = ALIGN (0x4)
                0x0000000000001ce0                __init_array_start = .
 *(.init_array*)
 .init_array    0x0000000000001ce0        0x4 /home/kunal/ti/ccs1260/ccs/tools/compiler/gcc-arm-none-eabi-9-2019-q4-major/bin/../lib/gcc/arm-none-eabi/9.2.1/thumb/v7e-m/nofp/crtbegin.o
 .init_array.00000
                0x0000000000001ce4        0x4 /home/kunal/ti/ccs1260/ccs/tools/compiler/gcc-arm-none-eabi-9-2019-q4-major/bin/../lib/gcc/arm-none-eabi/9.2.1/../../../../arm-none-eabi/lib/thumb/v7e-m/nofp/libg.a(lib_a-__call_atexit.o)
                0x0000000000001ce8                __init_array_end = .
 *(.init)
 .init          0x0000000000001ce8        0x4 /home/kunal/ti/ccs1260/ccs/tools/compiler/gcc-arm-none-eabi-9-2019-q4-major/bin/../lib/gcc/arm-none-eabi/9.2.1/thumb/v7e-m/nofp/crti.o
                0x0000000000001ce8                _init
 .init          0x0000000000001cec        0x8 /home/kunal/ti/ccs1260/ccs/tools/compiler/gcc-arm-none-eabi-9-2019-q4-major/bin/../lib/gcc/arm-none-eabi/9.2.1/thumb/v7e-m/nofp/crtn.o
 *(.fini*)
 .fini          0x0000000000001cf4        0x4 /home/kunal/ti/ccs1260/ccs/tools/compiler/gcc-arm-none-eabi-9-2019-q4-major/bin/../lib/gcc/arm-none-eabi/9.2.1/thumb/v7e-m/nofp/crti.o
                0x0000000000001cf4                _fini
 .fini_array    0x0000000000001cf8        0x4 /home/kunal/ti/ccs1260/ccs/tools/compiler/gcc-arm-none-eabi-9-2019-q4-major/bin/../lib/gcc/arm-none-eabi/9.2.1/thumb/v7e-m/nofp/crtbegin.o
 .fini          0x0000000000001cfc        0x8 /home/kunal/ti/ccs1260/ccs/tools/compiler/gcc-arm-none-eabi-9-2019-q4-major/bin/../lib/gcc/arm-none-eabi/9.2.1/thumb/v7e-m/nofp/crtn.o
                [!provide]                        PROVIDE (__etext = .)
                [!provide]                        PROVIDE (_etext = .)
                [!provide]                        PROVIDE (etext = .)

.glue_7         0x0000000000001d04        0x0
 .glue_7        0x0000000000001d04        0x0 linker stubs

.glue_7t        0x0000000000001d04        0x0
 .glue_7t       0x0000000000001d04        0x0 linker stubs

.vfp11_veneer   0x0000000000001d04        0x0
 .vfp11_veneer  0x0000000000001d04        0x0 linker stubs

.v4_bx          0x0000000000001d04        0x0
 .v4_bx         0x0000000000001d04        0x0 linker stubs

.iplt           0x0000000000001d04        0x0
 .iplt          0x0000000000001d04        0x0 /home/kunal/ti/ccs1260/ccs/tools/compiler/gcc-arm-none-eabi-9-2019-q4-major/bin/../lib/gcc/arm-none-eabi/9.2.1/thumb/v7e-m/nofp/crtbegin.o

.rodata         0x0000000000001d04      0x1b0
 *(.rodata)
 .rodata        0x0000000000001d04        0xc ./game.o
 .rodata        0x0000000000001d10      0x17c ./main.o
 .rodata        0x0000000000001e8c       0x10 ./segment7.o
 .rodata        0x0000000000001e9c       0x11 ./uart.o
 *(.rodata*)
 *fill*         0x0000000000001ead        0x3 
 .rodata._global_impure_ptr
                0x0000000000001eb0        0x4 /home/kunal/ti/ccs1260/ccs/tools/compiler/gcc-arm-none-eabi-9-2019-q4-major/bin/../lib/gcc/arm-none-eabi/9.2.1/../../../../arm-none-eabi/lib/thumb/v7e-m/nofp/libg.a(lib_a-impure.o)
                0x0000000000001eb0                _global_impure_ptr

.eh_frame       0x0000000000001eb4        0x4
 .eh_frame      0x0000000000001eb4        0x0 /home/kunal/ti/ccs1260/ccs/tools/compiler/gcc-arm-none-eabi-9-2019-q4-major/bin/../lib/gcc/arm-none-eabi/9.2.1/thumb/v7e-m/nofp/crtbegin.o
 .eh_frame      0x0000000000001eb4        0x4 /home/kunal/ti/ccs1260/ccs/tools/compiler/gcc-arm-none-eabi-9-2019-q4-major/bin/../lib/gcc/arm-none-eabi/9.2.1/thumb/v7e-m/nofp/crtend.o

.data           0x0000000020000000      0x4ac load address 0x0000000000001eb8
                0x0000000000001eb8                __data_load__ = LOADADDR (.data)
                0x0000000020000000                __data_start__ = .
 *(.data)
 .data          0x0000000020000000        0x0 /home/kunal/ti/ccs1260/ccs/tools/compiler/gcc-arm-none-eabi-9-2019-q4-major/bin/../lib/gcc/arm-none-eabi/9.2.1/thumb/v7e-m/nofp/crti.o
 .data          0x0000000020000000        0x4 /home/kunal/ti/ccs1260/ccs/tools/compiler/gcc-arm-none-eabi-9-2019-q4-major/bin/../lib/gcc/arm-none-eabi/9.2.1/thumb/v7e-m/nofp/crtbegin.o
                0x0000000020000000                __dso_handle
 .data          0x0000000020000004        0x0 /home/kunal/ti/ccs1260/ccs/tools/compiler/gcc-arm-none-eabi-9-2019-q4-major/bin/../lib/gcc/arm-none-eabi/9.2.1/../../../../arm-none-eabi/lib/thumb/v7e-m/nofp/crt0.o
 .data          0x0000000020000004        0x0 ./blink.o
 .data          0x0000000020000004        0x0 ./game.o
 .data          0x0000000020000004        0x0 ./keypad.o
 .data          0x0000000020000004        0x0 ./lcd.o
 .data          0x0000000020000004        0x0 ./main.o
 .data          0x0000000020000004        0x0 ./segment7.o
 .data          0x0000000020000004        0x0 ./tm4c123gh6pm_startup_ccs_gcc.o
 .data          0x0000000020000004        0x0 ./uart.o
 .data          0x0000000020000004        0x0 /home/kunal/ti/ccs1260/ccs/tools/compiler/gcc-arm-none-eabi-9-2019-q4-major/bin/../lib/gcc/arm-none-eabi/9.2.1/../../../../arm-none-eabi/lib/thumb/v7e-m/nofp/libg.a(lib_a-exit.o)
 .data          0x0000000020000004        0x0 /home/kunal/ti/ccs1260/ccs/tools/compiler/gcc-arm-none-eabi-9-2019-q4-major/bin/../lib/gcc/arm-none-eabi/9.2.1/../../../../arm-none-eabi/lib/thumb/v7e-m/nofp/libg.a(lib_a-impure.o)
 .data          0x0000000020000004        0x0 /home/kunal/ti/ccs1260/ccs/tools/compiler/gcc-arm-none-eabi-9-2019-q4-major/bin/../lib/gcc/arm-none-eabi/9.2.1/../../../../arm-none-eabi/lib/thumb/v7e-m/nofp/libg.a(lib_a-init.o)
 .data          0x0000000020000004        0x0 /home/kunal/ti/ccs1260/ccs/tools/compiler/gcc-arm-none-eabi-9-2019-q4-major/bin/../lib/gcc/arm-none-eabi/9.2.1/../../../../arm-none-eabi/lib/thumb/v7e-m/nofp/libg.a(lib_a-memset.o)
 .data          0x0000000020000004        0x0 /home/kunal/ti/ccs1260/ccs/tools/compiler/gcc-arm-none-eabi-9-2019-q4-major/bin/../lib/gcc/arm-none-eabi/9.2.1/../../../../arm-none-eabi/lib/thumb/v7e-m/nofp/libg.a(lib_a-__call_atexit.o)
 .data          0x0000000020000004        0x0 /home/kunal/ti/ccs1260/ccs/tools/compiler/gcc-arm-none-eabi-9-2019-q4-major/bin/../lib/gcc/arm-none-eabi/9.2.1/../../../../arm-none-eabi/lib/thumb/v7e-m/nofp/libg.a(lib_a-atexit.o)
 .data          0x0000000020000004        0x0 /home/kunal/ti/ccs1260/ccs/tools/compiler/gcc-arm-none-eabi-9-2019-q4-major/bin/../lib/gcc/arm-none-eabi/9.2.1/../../../../arm-none-eabi/lib/thumb/v7e-m/nofp/libg.a(lib_a-fini.o)
 .data          0x0000000020000004        0x0 /home/kunal/ti/ccs1260/ccs/tools/compiler/gcc-arm-none-eabi-9-2019-q4-major/bin/../lib/gcc/arm-none-eabi/9.2.1/../../../../arm-none-eabi/lib/thumb/v7e-m/nofp/libg.a(lib_a-lock.o)
 .data          0x0000000020000004        0x0 /home/kunal/ti/ccs1260/ccs/tools/compiler/gcc-arm-none-eabi-9-2019-q4-major/bin/../lib/gcc/arm-none-eabi/9.2.1/../../../../arm-none-eabi/lib/thumb/v7e-m/nofp/libg.a(lib_a-__atexit.o)
 .data          0x0000000020000004        0x0 /home/kunal/ti/ccs1260/ccs/tools/compiler/gcc-arm-none-eabi-9-2019-q4-major/bin/../lib/gcc/arm-none-eabi/9.2.1/../../../../arm-none-eabi/lib/thumb/v7e-m/nofp/libnosys.a(_exit.o)
 .data          0x0000000020000004        0x0 /home/kunal/ti/ccs1260/ccs/tools/compiler/gcc-arm-none-eabi-9-2019-q4-major/bin/../lib/gcc/arm-none-eabi/9.2.1/thumb/v7e-m/nofp/crtend.o
 .data          0x0000000020000004        0x0 /home/kunal/ti/ccs1260/ccs/tools/compiler/gcc-arm-none-eabi-9-2019-q4-major/bin/../lib/gcc/arm-none-eabi/9.2.1/thumb/v7e-m/nofp/crtn.o
 *(.data*)
 .data.color_code
                0x0000000020000004       0x1c ./main.o
                0x0000000020000004                color_code
 .data.blink_delay
                0x0000000020000020        0x4 ./main.o
                0x0000000020000020                blink_delay
 .data.msg      0x0000000020000024        0x4 ./main.o
                0x0000000020000024                msg
 .data.status   0x0000000020000028        0xc ./main.o
                0x0000000020000028                status
 .data.blink_rate
                0x0000000020000034        0x4 ./main.o
                0x0000000020000034                blink_rate
 .data.frame    0x0000000020000038        0x9 ./main.o
                0x0000000020000038                frame
 *fill*         0x0000000020000041        0x3 
 .data.game_row
                0x0000000020000044        0x4 ./main.o
                0x0000000020000044                game_row
 .data.game_col
                0x0000000020000048        0x4 ./main.o
                0x0000000020000048                game_col
 .data.game_symbol
                0x000000002000004c        0x2 ./main.o
                0x000000002000004c                game_symbol
 *fill*         0x000000002000004e        0x2 
 .data.segment_num
                0x0000000020000050       0x28 ./segment7.o
                0x0000000020000050                segment_num
 .data.timer_value_1ms
                0x0000000020000078        0x4 ./segment7.o
 .data._impure_ptr
                0x000000002000007c        0x4 /home/kunal/ti/ccs1260/ccs/tools/compiler/gcc-arm-none-eabi-9-2019-q4-major/bin/../lib/gcc/arm-none-eabi/9.2.1/../../../../arm-none-eabi/lib/thumb/v7e-m/nofp/libg.a(lib_a-impure.o)
                0x000000002000007c                _impure_ptr
 .data.impure_data
                0x0000000020000080      0x428 /home/kunal/ti/ccs1260/ccs/tools/compiler/gcc-arm-none-eabi-9-2019-q4-major/bin/../lib/gcc/arm-none-eabi/9.2.1/../../../../arm-none-eabi/lib/thumb/v7e-m/nofp/libg.a(lib_a-impure.o)
 .data.__atexit_recursive_mutex
                0x00000000200004a8        0x4 /home/kunal/ti/ccs1260/ccs/tools/compiler/gcc-arm-none-eabi-9-2019-q4-major/bin/../lib/gcc/arm-none-eabi/9.2.1/../../../../arm-none-eabi/lib/thumb/v7e-m/nofp/libg.a(lib_a-__call_atexit.o)
                0x00000000200004a8                __atexit_recursive_mutex
                0x00000000200004ac                . = ALIGN (0x4)
                0x00000000200004ac                __data_end__ = .

.igot.plt       0x00000000200004ac        0x0 load address 0x0000000000002364
 .igot.plt      0x00000000200004ac        0x0 /home/kunal/ti/ccs1260/ccs/tools/compiler/gcc-arm-none-eabi-9-2019-q4-major/bin/../lib/gcc/arm-none-eabi/9.2.1/thumb/v7e-m/nofp/crtbegin.o

.ARM.exidx      0x0000000000002364        0x8
                0x0000000000002364                __exidx_start = .
 *(.ARM.exidx* .gnu.linkonce.armexidx.*)
 .ARM.exidx     0x0000000000002364        0x8 /home/kunal/ti/ccs1260/ccs/tools/compiler/gcc-arm-none-eabi-9-2019-q4-major/bin/../lib/gcc/arm-none-eabi/9.2.1/../../../../arm-none-eabi/lib/thumb/v7e-m/nofp/crt0.o
                0x000000000000236c                __exidx_end = .

.ARM.extab      0x000000000000236c        0x0
 *(.ARM.extab* .gnu.linkonce.armextab.*)
 .ARM.extab     0x000000000000236c        0x0 /home/kunal/ti/ccs1260/ccs/tools/compiler/gcc-arm-none-eabi-9-2019-q4-major/bin/../lib/gcc/arm-none-eabi/9.2.1/../../../../arm-none-eabi/lib/thumb/v7e-m/nofp/crt0.o

.rel.dyn        0x000000000000236c        0x0
 .rel.iplt      0x000000000000236c        0x0 /home/kunal/ti/ccs1260/ccs/tools/compiler/gcc-arm-none-eabi-9-2019-q4-major/bin/../lib/gcc/arm-none-eabi/9.2.1/thumb/v7e-m/nofp/crtbegin.o

.bss            0x00000000200004ac      0x30c
                0x00000000200004ac                __bss_start__ = .
 *(.shbss)
 *(.bss)
 .bss           0x00000000200004ac        0x0 /home/kunal/ti/ccs1260/ccs/tools/compiler/gcc-arm-none-eabi-9-2019-q4-major/bin/../lib/gcc/arm-none-eabi/9.2.1/thumb/v7e-m/nofp/crti.o
 .bss           0x00000000200004ac       0x1c /home/kunal/ti/ccs1260/ccs/tools/compiler/gcc-arm-none-eabi-9-2019-q4-major/bin/../lib/gcc/arm-none-eabi/9.2.1/thumb/v7e-m/nofp/crtbegin.o
 .bss           0x00000000200004c8        0x0 /home/kunal/ti/ccs1260/ccs/tools/compiler/gcc-arm-none-eabi-9-2019-q4-major/bin/../lib/gcc/arm-none-eabi/9.2.1/../../../../arm-none-eabi/lib/thumb/v7e-m/nofp/crt0.o
 .bss           0x00000000200004c8        0x0 ./blink.o
 .bss           0x00000000200004c8        0x0 ./game.o
 .bss           0x00000000200004c8        0x0 ./keypad.o
 .bss           0x00000000200004c8        0x0 ./lcd.o
 .bss           0x00000000200004c8        0x0 ./main.o
 .bss           0x00000000200004c8        0x0 ./segment7.o
 .bss           0x00000000200004c8        0x0 ./tm4c123gh6pm_startup_ccs_gcc.o
 .bss           0x00000000200004c8        0x0 ./uart.o
 .bss           0x00000000200004c8        0x0 /home/kunal/ti/ccs1260/ccs/tools/compiler/gcc-arm-none-eabi-9-2019-q4-major/bin/../lib/gcc/arm-none-eabi/9.2.1/../../../../arm-none-eabi/lib/thumb/v7e-m/nofp/libg.a(lib_a-exit.o)
 .bss           0x00000000200004c8        0x0 /home/kunal/ti/ccs1260/ccs/tools/compiler/gcc-arm-none-eabi-9-2019-q4-major/bin/../lib/gcc/arm-none-eabi/9.2.1/../../../../arm-none-eabi/lib/thumb/v7e-m/nofp/libg.a(lib_a-impure.o)
 .bss           0x00000000200004c8        0x0 /home/kunal/ti/ccs1260/ccs/tools/compiler/gcc-arm-none-eabi-9-2019-q4-major/bin/../lib/gcc/arm-none-eabi/9.2.1/../../../../arm-none-eabi/lib/thumb/v7e-m/nofp/libg.a(lib_a-init.o)
 .bss           0x00000000200004c8        0x0 /home/kunal/ti/ccs1260/ccs/tools/compiler/gcc-arm-none-eabi-9-2019-q4-major/bin/../lib/gcc/arm-none-eabi/9.2.1/../../../../arm-none-eabi/lib/thumb/v7e-m/nofp/libg.a(lib_a-memset.o)
 .bss           0x00000000200004c8        0x0 /home/kunal/ti/ccs1260/ccs/tools/compiler/gcc-arm-none-eabi-9-2019-q4-major/bin/../lib/gcc/arm-none-eabi/9.2.1/../../../../arm-none-eabi/lib/thumb/v7e-m/nofp/libg.a(lib_a-__call_atexit.o)
 .bss           0x00000000200004c8        0x0 /home/kunal/ti/ccs1260/ccs/tools/compiler/gcc-arm-none-eabi-9-2019-q4-major/bin/../lib/gcc/arm-none-eabi/9.2.1/../../../../arm-none-eabi/lib/thumb/v7e-m/nofp/libg.a(lib_a-atexit.o)
 .bss           0x00000000200004c8        0x0 /home/kunal/ti/ccs1260/ccs/tools/compiler/gcc-arm-none-eabi-9-2019-q4-major/bin/../lib/gcc/arm-none-eabi/9.2.1/../../../../arm-none-eabi/lib/thumb/v7e-m/nofp/libg.a(lib_a-fini.o)
 .bss           0x00000000200004c8        0x0 /home/kunal/ti/ccs1260/ccs/tools/compiler/gcc-arm-none-eabi-9-2019-q4-major/bin/../lib/gcc/arm-none-eabi/9.2.1/../../../../arm-none-eabi/lib/thumb/v7e-m/nofp/libg.a(lib_a-lock.o)
 .bss           0x00000000200004c8        0x0 /home/kunal/ti/ccs1260/ccs/tools/compiler/gcc-arm-none-eabi-9-2019-q4-major/bin/../lib/gcc/arm-none-eabi/9.2.1/../../../../arm-none-eabi/lib/thumb/v7e-m/nofp/libg.a(lib_a-__atexit.o)
 .bss           0x00000000200004c8        0x0 /home/kunal/ti/ccs1260/ccs/tools/compiler/gcc-arm-none-eabi-9-2019-q4-major/bin/../lib/gcc/arm-none-eabi/9.2.1/../../../../arm-none-eabi/lib/thumb/v7e-m/nofp/libnosys.a(_exit.o)
 .bss           0x00000000200004c8        0x0 /home/kunal/ti/ccs1260/ccs/tools/compiler/gcc-arm-none-eabi-9-2019-q4-major/bin/../lib/gcc/arm-none-eabi/9.2.1/thumb/v7e-m/nofp/crtend.o
 .bss           0x00000000200004c8        0x0 /home/kunal/ti/ccs1260/ccs/tools/compiler/gcc-arm-none-eabi-9-2019-q4-major/bin/../lib/gcc/arm-none-eabi/9.2.1/thumb/v7e-m/nofp/crtn.o
 *(.bss.*)
 .bss.blink_speed
                0x00000000200004c8        0x4 ./main.o
                0x00000000200004c8                blink_speed
 .bss.counter   0x00000000200004cc        0x4 ./main.o
                0x00000000200004cc                counter
 .bss.cycles    0x00000000200004d0        0x4 ./main.o
                0x00000000200004d0                cycles
 .bss.device_pause
                0x00000000200004d4        0x4 ./main.o
                0x00000000200004d4                device_pause
 .bss.device_stop
                0x00000000200004d8        0x4 ./main.o
                0x00000000200004d8                device_stop
 .bss.toggle_pause
                0x00000000200004dc        0x4 ./main.o
                0x00000000200004dc                toggle_pause
 .bss.toggle_stop
                0x00000000200004e0        0x4 ./main.o
                0x00000000200004e0                toggle_stop
 .bss.status_index
                0x00000000200004e4        0x4 ./main.o
                0x00000000200004e4                status_index
 .bss.ci        0x00000000200004e8        0x4 ./main.o
                0x00000000200004e8                ci
 .bss.current_player
                0x00000000200004ec        0x4 ./main.o
                0x00000000200004ec                current_player
 .bss.total_moves
                0x00000000200004f0        0x4 ./main.o
                0x00000000200004f0                total_moves
 .bss.debounce_keypad
                0x00000000200004f4        0x4 ./main.o
                0x00000000200004f4                debounce_keypad
 .bss.keypad_pressed
                0x00000000200004f8        0x4 ./main.o
                0x00000000200004f8                keypad_pressed
 .bss.segment_frame
                0x00000000200004fc       0x10 ./segment7.o
                0x00000000200004fc                segment_frame
 .bss.stopwatch_timer
                0x000000002000050c        0x4 ./segment7.o
                0x000000002000050c                stopwatch_timer
 .bss.segment_pin.5246
                0x0000000020000510        0x4 ./segment7.o
 .bss.segment_row.5245
                0x0000000020000514        0x4 ./segment7.o
 .bss.pui32Stack
                0x0000000020000518      0x200 ./tm4c123gh6pm_startup_ccs_gcc.o
 *(COMMON)
 COMMON         0x0000000020000718       0x7a ./main.o
                0x0000000020000718                selected_color
                0x000000002000071c                color
                0x0000000020000728                cmd_argument
                0x0000000020000748                console_cmd_buffer
                0x0000000020000768                str_timer
                0x0000000020000774                cmd
 *fill*         0x0000000020000792        0x2 
 COMMON         0x0000000020000794       0x21 /home/kunal/ti/ccs1260/ccs/tools/compiler/gcc-arm-none-eabi-9-2019-q4-major/bin/../lib/gcc/arm-none-eabi/9.2.1/../../../../arm-none-eabi/lib/thumb/v7e-m/nofp/libg.a(lib_a-lock.o)
                0x0000000020000794                __lock___atexit_recursive_mutex
                0x0000000020000798                __lock___arc4random_mutex
                0x000000002000079c                __lock___env_recursive_mutex
                0x00000000200007a0                __lock___sinit_recursive_mutex
                0x00000000200007a4                __lock___malloc_recursive_mutex
                0x00000000200007a8                __lock___at_quick_exit_mutex
                0x00000000200007ac                __lock___dd_hash_mutex
                0x00000000200007b0                __lock___tz_mutex
                0x00000000200007b4                __lock___sfp_recursive_mutex
                0x00000000200007b8                . = ALIGN (0x4)
 *fill*         0x00000000200007b5        0x3 
                0x00000000200007b8                __bss_end__ = .

.heap           0x00000000200007b8        0x0
                0x00000000200007b8                __heap_start__ = .
                0x00000000200007b8                end = __heap_start__
                0x00000000200007b8                _end = end
                0x00000000200007b8                __end = end
 *(.heap)
                0x00000000200007b8                __heap_end__ = .
                0x00000000200007b8                __HeapLimit = __heap_end__

.stack          0x00000000200007b8        0x0
                0x00000000200007b8                _stack = .
                0x00000000200007b8                __stack = .
 *(.stack)
START GROUP
LOAD /home/kunal/ti/ccs1260/ccs/tools/compiler/gcc-arm-none-eabi-9-2019-q4-major/bin/../lib/gcc/arm-none-eabi/9.2.1/thumb/v7e-m/nofp/libgcc.a
LOAD /home/kunal/ti/ccs1260/ccs/tools/compiler/gcc-arm-none-eabi-9-2019-q4-major/bin/../lib/gcc/arm-none-eabi/9.2.1/../../../../arm-none-eabi/lib/thumb/v7e-m/nofp/libg.a
LOAD /home/kunal/ti/ccs1260/ccs/tools/compiler/gcc-arm-none-eabi-9-2019-q4-major/bin/../lib/gcc/arm-none-eabi/9.2.1/../../../../arm-none-eabi/lib/thumb/v7e-m/nofp/libc.a
END GROUP
START GROUP
LOAD /home/kunal/ti/ccs1260/ccs/tools/compiler/gcc-arm-none-eabi-9-2019-q4-major/bin/../lib/gcc/arm-none-eabi/9.2.1/thumb/v7e-m/nofp/libgcc.a
LOAD /home/kunal/ti/ccs1260/ccs/tools/compiler/gcc-arm-none-eabi-9-2019-q4-major/bin/../lib/gcc/arm-none-eabi/9.2.1/../../../../arm-none-eabi/lib/thumb/v7e-m/nofp/libc.a
LOAD /home/kunal/ti/ccs1260/ccs/tools/compiler/gcc-arm-none-eabi-9-2019-q4-major/bin/../lib/gcc/arm-none-eabi/9.2.1/../../../../arm-none-eabi/lib/thumb/v7e-m/nofp/libnosys.a
END GROUP
LOAD /home/kunal/ti/ccs1260/ccs/tools/compiler/gcc-arm-none-eabi-9-2019-q4-major/bin/../lib/gcc/arm-none-eabi/9.2.1/thumb/v7e-m/nofp/crtend.o
LOAD /home/kunal/ti/ccs1260/ccs/tools/compiler/gcc-arm-none-eabi-9-2019-q4-major/bin/../lib/gcc/arm-none-eabi/9.2.1/thumb/v7e-m/nofp/crtn.o
OUTPUT(tictac.out elf32-littlearm)

.ARM.attributes
                0x0000000000000000       0x2e
 .ARM.attributes
                0x0000000000000000       0x1e /home/kunal/ti/ccs1260/ccs/tools/compiler/gcc-arm-none-eabi-9-2019-q4-major/bin/../lib/gcc/arm-none-eabi/9.2.1/thumb/v7e-m/nofp/crti.o
 .ARM.attributes
                0x000000000000001e       0x2e /home/kunal/ti/ccs1260/ccs/tools/compiler/gcc-arm-none-eabi-9-2019-q4-major/bin/../lib/gcc/arm-none-eabi/9.2.1/thumb/v7e-m/nofp/crtbegin.o
 .ARM.attributes
                0x000000000000004c       0x1c /home/kunal/ti/ccs1260/ccs/tools/compiler/gcc-arm-none-eabi-9-2019-q4-major/bin/../lib/gcc/arm-none-eabi/9.2.1/../../../../arm-none-eabi/lib/thumb/v7e-m/nofp/crt0.o
 .ARM.attributes
                0x0000000000000068       0x37 ./blink.o
 .ARM.attributes
                0x000000000000009f       0x2e ./game.o
 .ARM.attributes
                0x00000000000000cd       0x2e ./keypad.o
 .ARM.attributes
                0x00000000000000fb       0x2e ./lcd.o
 .ARM.attributes
                0x0000000000000129       0x2e ./main.o
 .ARM.attributes
                0x0000000000000157       0x2e ./segment7.o
 .ARM.attributes
                0x0000000000000185       0x2e ./tm4c123gh6pm_startup_ccs_gcc.o
 .ARM.attributes
                0x00000000000001b3       0x2e ./uart.o
 .ARM.attributes
                0x00000000000001e1       0x2e /home/kunal/ti/ccs1260/ccs/tools/compiler/gcc-arm-none-eabi-9-2019-q4-major/bin/../lib/gcc/arm-none-eabi/9.2.1/../../../../arm-none-eabi/lib/thumb/v7e-m/nofp/libg.a(lib_a-exit.o)
 .ARM.attributes
                0x000000000000020f       0x2e /home/kunal/ti/ccs1260/ccs/tools/compiler/gcc-arm-none-eabi-9-2019-q4-major/bin/../lib/gcc/arm-none-eabi/9.2.1/../../../../arm-none-eabi/lib/thumb/v7e-m/nofp/libg.a(lib_a-impure.o)
 .ARM.attributes
                0x000000000000023d       0x2e /home/kunal/ti/ccs1260/ccs/tools/compiler/gcc-arm-none-eabi-9-2019-q4-major/bin/../lib/gcc/arm-none-eabi/9.2.1/../../../../arm-none-eabi/lib/thumb/v7e-m/nofp/libg.a(lib_a-init.o)
 .ARM.attributes
                0x000000000000026b       0x2e /home/kunal/ti/ccs1260/ccs/tools/compiler/gcc-arm-none-eabi-9-2019-q4-major/bin/../lib/gcc/arm-none-eabi/9.2.1/../../../../arm-none-eabi/lib/thumb/v7e-m/nofp/libg.a(lib_a-memset.o)
 .ARM.attributes
                0x0000000000000299       0x2e /home/kunal/ti/ccs1260/ccs/tools/compiler/gcc-arm-none-eabi-9-2019-q4-major/bin/../lib/gcc/arm-none-eabi/9.2.1/../../../../arm-none-eabi/lib/thumb/v7e-m/nofp/libg.a(lib_a-__call_atexit.o)
 .ARM.attributes
                0x00000000000002c7       0x2e /home/kunal/ti/ccs1260/ccs/tools/compiler/gcc-arm-none-eabi-9-2019-q4-major/bin/../lib/gcc/arm-none-eabi/9.2.1/../../../../arm-none-eabi/lib/thumb/v7e-m/nofp/libg.a(lib_a-atexit.o)
 .ARM.attributes
                0x00000000000002f5       0x2e /home/kunal/ti/ccs1260/ccs/tools/compiler/gcc-arm-none-eabi-9-2019-q4-major/bin/../lib/gcc/arm-none-eabi/9.2.1/../../../../arm-none-eabi/lib/thumb/v7e-m/nofp/libg.a(lib_a-fini.o)
 .ARM.attributes
                0x0000000000000323       0x2e /home/kunal/ti/ccs1260/ccs/tools/compiler/gcc-arm-none-eabi-9-2019-q4-major/bin/../lib/gcc/arm-none-eabi/9.2.1/../../../../arm-none-eabi/lib/thumb/v7e-m/nofp/libg.a(lib_a-lock.o)
 .ARM.attributes
                0x0000000000000351       0x2e /home/kunal/ti/ccs1260/ccs/tools/compiler/gcc-arm-none-eabi-9-2019-q4-major/bin/../lib/gcc/arm-none-eabi/9.2.1/../../../../arm-none-eabi/lib/thumb/v7e-m/nofp/libg.a(lib_a-__atexit.o)
 .ARM.attributes
                0x000000000000037f       0x2e /home/kunal/ti/ccs1260/ccs/tools/compiler/gcc-arm-none-eabi-9-2019-q4-major/bin/../lib/gcc/arm-none-eabi/9.2.1/../../../../arm-none-eabi/lib/thumb/v7e-m/nofp/libnosys.a(_exit.o)
 .ARM.attributes
                0x00000000000003ad       0x2e /home/kunal/ti/ccs1260/ccs/tools/compiler/gcc-arm-none-eabi-9-2019-q4-major/bin/../lib/gcc/arm-none-eabi/9.2.1/thumb/v7e-m/nofp/crtend.o
 .ARM.attributes
                0x00000000000003db       0x1e /home/kunal/ti/ccs1260/ccs/tools/compiler/gcc-arm-none-eabi-9-2019-q4-major/bin/../lib/gcc/arm-none-eabi/9.2.1/thumb/v7e-m/nofp/crtn.o

.comment        0x0000000000000000       0x79
 .comment       0x0000000000000000       0x79 ./blink.o
                                         0x7a (size before relaxing)
 .comment       0x0000000000000079       0x7a ./game.o
 .comment       0x0000000000000079       0x7a ./keypad.o
 .comment       0x0000000000000079       0x7a ./lcd.o
 .comment       0x0000000000000079       0x7a ./main.o
 .comment       0x0000000000000079       0x7a ./segment7.o
 .comment       0x0000000000000079       0x7a ./tm4c123gh6pm_startup_ccs_gcc.o
 .comment       0x0000000000000079       0x7a ./uart.o

.debug_line     0x0000000000000000     0x166b
 .debug_line    0x0000000000000000        0x0 ./blink.o
 .debug_line    0x0000000000000000      0x13a ./game.o
 .debug_line    0x000000000000013a      0x169 ./keypad.o
 .debug_line    0x00000000000002a3      0x323 ./lcd.o
 .debug_line    0x00000000000005c6      0x841 ./main.o
 .debug_line    0x0000000000000e07      0x32d ./segment7.o
 .debug_line    0x0000000000001134      0x1b0 ./tm4c123gh6pm_startup_ccs_gcc.o
 .debug_line    0x00000000000012e4      0x387 ./uart.o

.debug_str      0x0000000000000000      0x9de
 .debug_str     0x0000000000000000      0x11a ./blink.o
 .debug_str     0x000000000000011a       0x3f ./game.o
                                        0x173 (size before relaxing)
 .debug_str     0x0000000000000159       0x84 ./keypad.o
                                        0x1d0 (size before relaxing)
 .debug_str     0x00000000000001dd      0x414 ./lcd.o
                                        0x5e7 (size before relaxing)
 .debug_str     0x00000000000005f1      0x204 ./main.o
                                        0x7e9 (size before relaxing)
 .debug_str     0x00000000000007f5       0xc6 ./segment7.o
                                        0x69d (size before relaxing)
 .debug_str     0x00000000000008bb       0xbb ./tm4c123gh6pm_startup_ccs_gcc.o
                                        0x262 (size before relaxing)
 .debug_str     0x0000000000000976       0x68 ./uart.o
                                        0x616 (size before relaxing)

.debug_info     0x0000000000000000     0x3377
 .debug_info    0x0000000000000000      0x1c1 ./game.o
 .debug_info    0x00000000000001c1       0xaa ./keypad.o
 .debug_info    0x000000000000026b      0xa53 ./lcd.o
 .debug_info    0x0000000000000cbe      0xf20 ./main.o
 .debug_info    0x0000000000001bde      0xb0f ./segment7.o
 .debug_info    0x00000000000026ed      0x19d ./tm4c123gh6pm_startup_ccs_gcc.o
 .debug_info    0x000000000000288a      0xaed ./uart.o

.debug_abbrev   0x0000000000000000      0xc37
 .debug_abbrev  0x0000000000000000       0xf3 ./game.o
 .debug_abbrev  0x00000000000000f3       0x4e ./keypad.o
 .debug_abbrev  0x0000000000000141      0x20c ./lcd.o
 .debug_abbrev  0x000000000000034d      0x338 ./main.o
 .debug_abbrev  0x0000000000000685      0x270 ./segment7.o
 .debug_abbrev  0x00000000000008f5       0xd8 ./tm4c123gh6pm_startup_ccs_gcc.o
 .debug_abbrev  0x00000000000009cd      0x26a ./uart.o

.debug_aranges  0x0000000000000000      0x208
 .debug_aranges
                0x0000000000000000       0x28 ./game.o
 .debug_aranges
                0x0000000000000028       0x28 ./keypad.o
 .debug_aranges
                0x0000000000000050       0x48 ./lcd.o
 .debug_aranges
                0x0000000000000098       0x90 ./main.o
 .debug_aranges
                0x0000000000000128       0x50 ./segment7.o
 .debug_aranges
                0x0000000000000178       0x38 ./tm4c123gh6pm_startup_ccs_gcc.o
 .debug_aranges
                0x00000000000001b0       0x58 ./uart.o

.debug_ranges   0x0000000000000000      0x198
 .debug_ranges  0x0000000000000000       0x18 ./game.o
 .debug_ranges  0x0000000000000018       0x18 ./keypad.o
 .debug_ranges  0x0000000000000030       0x38 ./lcd.o
 .debug_ranges  0x0000000000000068       0x80 ./main.o
 .debug_ranges  0x00000000000000e8       0x40 ./segment7.o
 .debug_ranges  0x0000000000000128       0x28 ./tm4c123gh6pm_startup_ccs_gcc.o
 .debug_ranges  0x0000000000000150       0x48 ./uart.o

.debug_frame    0x0000000000000000      0x878
 .debug_frame   0x0000000000000000       0x5c ./game.o
 .debug_frame   0x000000000000005c       0x50 ./keypad.o
 .debug_frame   0x00000000000000ac       0xe0 ./lcd.o
 .debug_frame   0x000000000000018c      0x1fc ./main.o
 .debug_frame   0x0000000000000388      0x100 ./segment7.o
 .debug_frame   0x0000000000000488       0x7c ./tm4c123gh6pm_startup_ccs_gcc.o
 .debug_frame   0x0000000000000504      0x134 ./uart.o
 .debug_frame   0x0000000000000638       0x28 /home/kunal/ti/ccs1260/ccs/tools/compiler/gcc-arm-none-eabi-9-2019-q4-major/bin/../lib/gcc/arm-none-eabi/9.2.1/../../../../arm-none-eabi/lib/thumb/v7e-m/nofp/libg.a(lib_a-exit.o)
 .debug_frame   0x0000000000000660       0x2c /home/kunal/ti/ccs1260/ccs/tools/compiler/gcc-arm-none-eabi-9-2019-q4-major/bin/../lib/gcc/arm-none-eabi/9.2.1/../../../../arm-none-eabi/lib/thumb/v7e-m/nofp/libg.a(lib_a-init.o)
 .debug_frame   0x000000000000068c       0x38 /home/kunal/ti/ccs1260/ccs/tools/compiler/gcc-arm-none-eabi-9-2019-q4-major/bin/../lib/gcc/arm-none-eabi/9.2.1/../../../../arm-none-eabi/lib/thumb/v7e-m/nofp/libg.a(lib_a-memset.o)
 .debug_frame   0x00000000000006c4       0x5c /home/kunal/ti/ccs1260/ccs/tools/compiler/gcc-arm-none-eabi-9-2019-q4-major/bin/../lib/gcc/arm-none-eabi/9.2.1/../../../../arm-none-eabi/lib/thumb/v7e-m/nofp/libg.a(lib_a-__call_atexit.o)
 .debug_frame   0x0000000000000720       0x20 /home/kunal/ti/ccs1260/ccs/tools/compiler/gcc-arm-none-eabi-9-2019-q4-major/bin/../lib/gcc/arm-none-eabi/9.2.1/../../../../arm-none-eabi/lib/thumb/v7e-m/nofp/libg.a(lib_a-atexit.o)
 .debug_frame   0x0000000000000740       0x34 /home/kunal/ti/ccs1260/ccs/tools/compiler/gcc-arm-none-eabi-9-2019-q4-major/bin/../lib/gcc/arm-none-eabi/9.2.1/../../../../arm-none-eabi/lib/thumb/v7e-m/nofp/libg.a(lib_a-fini.o)
 .debug_frame   0x0000000000000774       0xb0 /home/kunal/ti/ccs1260/ccs/tools/compiler/gcc-arm-none-eabi-9-2019-q4-major/bin/../lib/gcc/arm-none-eabi/9.2.1/../../../../arm-none-eabi/lib/thumb/v7e-m/nofp/libg.a(lib_a-lock.o)
 .debug_frame   0x0000000000000824       0x34 /home/kunal/ti/ccs1260/ccs/tools/compiler/gcc-arm-none-eabi-9-2019-q4-major/bin/../lib/gcc/arm-none-eabi/9.2.1/../../../../arm-none-eabi/lib/thumb/v7e-m/nofp/libg.a(lib_a-__atexit.o)
 .debug_frame   0x0000000000000858       0x20 /home/kunal/ti/ccs1260/ccs/tools/compiler/gcc-arm-none-eabi-9-2019-q4-major/bin/../lib/gcc/arm-none-eabi/9.2.1/../../../../arm-none-eabi/lib/thumb/v7e-m/nofp/libnosys.a(_exit.o)
