Archive member included to satisfy reference by file (symbol)

/home/kunal/ti/ccs1260/ccs/tools/compiler/gcc-arm-none-eabi-9-2019-q4-major/bin/../lib/gcc/arm-none-eabi/9.2.1/../../../../arm-none-eabi/lib/thumb/v7e-m/nofp/libg.a(lib_a-exit.o)
                              /home/kunal/ti/ccs1260/ccs/tools/compiler/gcc-arm-none-eabi-9-2019-q4-major/bin/../lib/gcc/arm-none-eabi/9.2.1/../../../../arm-none-eabi/lib/thumb/v7e-m/nofp/crt0.o (exit)
/home/kunal/ti/ccs1260/ccs/tools/compiler/gcc-arm-none-eabi-9-2019-q4-major/bin/../lib/gcc/arm-none-eabi/9.2.1/../../../../arm-none-eabi/lib/thumb/v7e-m/nofp/libg.a(lib_a-impure.o)
                              /home/kunal/ti/ccs1260/ccs/tools/compiler/gcc-arm-none-eabi-9-2019-q4-major/bin/../lib/gcc/arm-none-eabi/9.2.1/../../../../arm-none-eabi/lib/thumb/v7e-m/nofp/libg.a(lib_a-exit.o) (_global_impure_ptr)
/home/kunal/ti/ccs1260/ccs/tools/compiler/gcc-arm-none-eabi-9-2019-q4-major/bin/../lib/gcc/arm-none-eabi/9.2.1/../../../../arm-none-eabi/lib/thumb/v7e-m/nofp/libg.a(lib_a-init.o)
                              /home/kunal/ti/ccs1260/ccs/tools/compiler/gcc-arm-none-eabi-9-2019-q4-major/bin/../lib/gcc/arm-none-eabi/9.2.1/../../../../arm-none-eabi/lib/thumb/v7e-m/nofp/crt0.o (__libc_init_array)
/home/kunal/ti/ccs1260/ccs/tools/compiler/gcc-arm-none-eabi-9-2019-q4-major/bin/../lib/gcc/arm-none-eabi/9.2.1/../../../../arm-none-eabi/lib/thumb/v7e-m/nofp/libg.a(lib_a-memset.o)
                              /home/kunal/ti/ccs1260/ccs/tools/compiler/gcc-arm-none-eabi-9-2019-q4-major/bin/../lib/gcc/arm-none-eabi/9.2.1/../../../../arm-none-eabi/lib/thumb/v7e-m/nofp/crt0.o (memset)
/home/kunal/ti/ccs1260/ccs/tools/compiler/gcc-arm-none-eabi-9-2019-q4-major/bin/../lib/gcc/arm-none-eabi/9.2.1/../../../../arm-none-eabi/lib/thumb/v7e-m/nofp/libg.a(lib_a-sscanf.o)
                              ./main.o (sscanf)
/home/kunal/ti/ccs1260/ccs/tools/compiler/gcc-arm-none-eabi-9-2019-q4-major/bin/../lib/gcc/arm-none-eabi/9.2.1/../../../../arm-none-eabi/lib/thumb/v7e-m/nofp/libg.a(lib_a-stdio.o)
                              /home/kunal/ti/ccs1260/ccs/tools/compiler/gcc-arm-none-eabi-9-2019-q4-major/bin/../lib/gcc/arm-none-eabi/9.2.1/../../../../arm-none-eabi/lib/thumb/v7e-m/nofp/libg.a(lib_a-sscanf.o) (__seofread)
/home/kunal/ti/ccs1260/ccs/tools/compiler/gcc-arm-none-eabi-9-2019-q4-major/bin/../lib/gcc/arm-none-eabi/9.2.1/../../../../arm-none-eabi/lib/thumb/v7e-m/nofp/libg.a(lib_a-strlen.o)
                              /home/kunal/ti/ccs1260/ccs/tools/compiler/gcc-arm-none-eabi-9-2019-q4-major/bin/../lib/gcc/arm-none-eabi/9.2.1/../../../../arm-none-eabi/lib/thumb/v7e-m/nofp/libg.a(lib_a-sscanf.o) (strlen)
/home/kunal/ti/ccs1260/ccs/tools/compiler/gcc-arm-none-eabi-9-2019-q4-major/bin/../lib/gcc/arm-none-eabi/9.2.1/../../../../arm-none-eabi/lib/thumb/v7e-m/nofp/libg.a(lib_a-svfscanf.o)
                              /home/kunal/ti/ccs1260/ccs/tools/compiler/gcc-arm-none-eabi-9-2019-q4-major/bin/../lib/gcc/arm-none-eabi/9.2.1/../../../../arm-none-eabi/lib/thumb/v7e-m/nofp/libg.a(lib_a-sscanf.o) (__ssvfscanf_r)
/home/kunal/ti/ccs1260/ccs/tools/compiler/gcc-arm-none-eabi-9-2019-q4-major/bin/../lib/gcc/arm-none-eabi/9.2.1/../../../../arm-none-eabi/lib/thumb/v7e-m/nofp/libg.a(lib_a-writer.o)
                              /home/kunal/ti/ccs1260/ccs/tools/compiler/gcc-arm-none-eabi-9-2019-q4-major/bin/../lib/gcc/arm-none-eabi/9.2.1/../../../../arm-none-eabi/lib/thumb/v7e-m/nofp/libg.a(lib_a-stdio.o) (_write_r)
/home/kunal/ti/ccs1260/ccs/tools/compiler/gcc-arm-none-eabi-9-2019-q4-major/bin/../lib/gcc/arm-none-eabi/9.2.1/../../../../arm-none-eabi/lib/thumb/v7e-m/nofp/libg.a(lib_a-__call_atexit.o)
                              /home/kunal/ti/ccs1260/ccs/tools/compiler/gcc-arm-none-eabi-9-2019-q4-major/bin/../lib/gcc/arm-none-eabi/9.2.1/../../../../arm-none-eabi/lib/thumb/v7e-m/nofp/libg.a(lib_a-exit.o) (__call_exitprocs)
/home/kunal/ti/ccs1260/ccs/tools/compiler/gcc-arm-none-eabi-9-2019-q4-major/bin/../lib/gcc/arm-none-eabi/9.2.1/../../../../arm-none-eabi/lib/thumb/v7e-m/nofp/libg.a(lib_a-atexit.o)
                              /home/kunal/ti/ccs1260/ccs/tools/compiler/gcc-arm-none-eabi-9-2019-q4-major/bin/../lib/gcc/arm-none-eabi/9.2.1/../../../../arm-none-eabi/lib/thumb/v7e-m/nofp/libg.a(lib_a-__call_atexit.o) (atexit)
/home/kunal/ti/ccs1260/ccs/tools/compiler/gcc-arm-none-eabi-9-2019-q4-major/bin/../lib/gcc/arm-none-eabi/9.2.1/../../../../arm-none-eabi/lib/thumb/v7e-m/nofp/libg.a(lib_a-closer.o)
                              /home/kunal/ti/ccs1260/ccs/tools/compiler/gcc-arm-none-eabi-9-2019-q4-major/bin/../lib/gcc/arm-none-eabi/9.2.1/../../../../arm-none-eabi/lib/thumb/v7e-m/nofp/libg.a(lib_a-stdio.o) (_close_r)
/home/kunal/ti/ccs1260/ccs/tools/compiler/gcc-arm-none-eabi-9-2019-q4-major/bin/../lib/gcc/arm-none-eabi/9.2.1/../../../../arm-none-eabi/lib/thumb/v7e-m/nofp/libg.a(lib_a-ctype_.o)
[...]
Memory Configuration

Name             Origin             Length             Attributes
FLASH            0x0000000000000000 0x0000000000040000 xr
SRAM             0x0000000020000000 0x0000000000008000 xw
*default*        0x0000000000000000 0xffffffffffffffff

Linker script and memory map

LOAD /home/kunal/ti/ccs1260/ccs/tools/compiler/gcc-arm-none-eabi-9-2019-q4-major/bin/../lib/gcc/arm-none-eabi/9.2.1/thumb/v7e-m/nofp/crti.o
LOAD /home/kunal/ti/ccs1260/ccs/tools/compiler/gcc-arm-none-eabi-9-2019-q4-major/bin/../lib/gcc/arm-none-eabi/9.2.1/thumb/v7e-m/nofp/crtbegin.o
LOAD /home/kunal/ti/ccs1260/ccs/tools/compiler/gcc-arm-none-eabi-9-2019-q4-major/bin/../lib/gcc/arm-none-eabi/9.2.1/../../../../arm-none-eabi/lib/thumb/v7e-m/nofp/crt0.o
LOAD ./blink.o
LOAD ./keypad.o
LOAD ./lcd.o
LOAD ./main.o
LOAD ./segment7.o
LOAD ./tm4c123gh6pm_startup_ccs_gcc.o
LOAD ./uart.o
                0x0000000000000000                PROVIDE (_intvecs_base_address = 0x0)

.intvecs        0x0000000000000000      0x26c
 *(.intvecs)
 .intvecs       0x0000000000000000      0x26c ./tm4c123gh6pm_startup_ccs_gcc.o
                0x0000000000000000                g_pfnVectors
                0x0000000020000000                PROVIDE (_vtable_base_address = 0x20000000)

.vtable
 *(.vtable)

.text           0x0000000000000280     0xd1b8
 CREATE_OBJECT_SYMBOLS
 *(.text)
 .text          0x0000000000000280        0x0 /home/kunal/ti/ccs1260/ccs/tools/compiler/gcc-arm-none-eabi-9-2019-q4-major/bin/../lib/gcc/arm-none-eabi/9.2.1/thumb/v7e-m/nofp/crti.o
 .text          0x0000000000000280       0x40 /home/kunal/ti/ccs1260/ccs/tools/compiler/gcc-arm-none-eabi-9-2019-q4-major/bin/../lib/gcc/arm-none-eabi/9.2.1/thumb/v7e-m/nofp/crtbegin.o
 .text          0x00000000000002c0       0x74 /home/kunal/ti/ccs1260/ccs/tools/compiler/gcc-arm-none-eabi-9-2019-q4-major/bin/../lib/gcc/arm-none-eabi/9.2.1/../../../../arm-none-eabi/lib/thumb/v7e-m/nofp/crt0.o
                0x00000000000002c0                _mainCRTStartup
                0x00000000000002c0                _start
 .text          0x0000000000000334        0x0 ./blink.o
 .text          0x0000000000000334        0x0 ./keypad.o
 .text          0x0000000000000334        0x0 ./lcd.o
 .text          0x0000000000000334        0x0 ./main.o
 .text          0x0000000000000334        0x0 ./segment7.o
 .text          0x0000000000000334        0x0 ./tm4c123gh6pm_startup_ccs_gcc.o
 .text          0x0000000000000334        0x0 ./uart.o
 .text          0x0000000000000334        0x0 /home/kunal/ti/ccs1260/ccs/tools/compiler/gcc-arm-none-eabi-9-2019-q4-major/bin/../lib/gcc/arm-none-eabi/9.2.1/../../../../arm-none-eabi/lib/thumb/v7e-m/nofp/libg.a(lib_a-exit.o)
 .text          0x0000000000000334        0x0 /home/kunal/ti/ccs1260/ccs/tools/compiler/gcc-arm-none-eabi-9-2019-q4-major/bin/../lib/gcc/arm-none-eabi/9.2.1/../../../../arm-none-eabi/lib/thumb/v7e-m/nofp/libg.a(lib_a-impure.o)
 .text          0x0000000000000334        0x0 /home/kunal/ti/ccs1260/ccs/tools/compiler/gcc-arm-none-eabi-9-2019-q4-major/bin/../lib/gcc/arm-none-eabi/9.2.1/../../../../arm-none-eabi/lib/thumb/v7e-m/nofp/libg.a(lib_a-init.o)
 .text          0x0000000000000334        0x0 /home/kunal/ti/ccs1260/ccs/tools/compiler/gcc-arm-none-eabi-9-2019-q4-major/bin/../lib/gcc/arm-none-eabi/9.2.1/../../../../arm-none-eabi/lib/thumb/v7e-m/nofp/libg.a(lib_a-memset.o)
 .text          0x0000000000000334        0x0 /home/kunal/ti/ccs1260/ccs/tools/compiler/gcc-arm-none-eabi-9-2019-q4-major/bin/../lib/gcc/arm-none-eabi/9.2.1/../../../../arm-none-eabi/lib/thumb/v7e-m/nofp/libg.a(lib_a-sscanf.o)
 .text          0x0000000000000334        0x0 /home/kunal/ti/ccs1260/ccs/tools/compiler/gcc-arm-none-eabi-9-2019-q4-major/bin/../lib/gcc/arm-none-eabi/9.2.1/../../../../arm-none-eabi/lib/thumb/v7e-m/nofp/libg.a(lib_a-stdio.o)
 *fill*         0x0000000000000334        0xc 
 .text          0x0000000000000340       0xdc /home/kunal/ti/ccs1260/ccs/tools/compiler/gcc-arm-none-eabi-9-2019-q4-major/bin/../lib/gcc/arm-none-eabi/9.2.1/../../../../arm-none-eabi/lib/thumb/v7e-m/nofp/libg.a(lib_a-strlen.o)
                0x0000000000000340                strlen
 .text          0x000000000000041c        0x0 /home/kunal/ti/ccs1260/ccs/tools/compiler/gcc-arm-none-eabi-9-2019-q4-major/bin/../lib/gcc/arm-none-eabi/9.2.1/../../../../arm-none-eabi/lib/thumb/v7e-m/nofp/libg.a(lib_a-svfscanf.o)
 .text          0x000000000000041c        0x0 /home/kunal/ti/ccs1260/ccs/tools/compiler/gcc-arm-none-eabi-9-2019-q4-major/bin/../lib/gcc/arm-none-eabi/9.2.1/../../../../arm-none-eabi/lib/thumb/v7e-m/nofp/libg.a(lib_a-writer.o)
 .text          0x000000000000041c        0x0 /home/kunal/ti/ccs1260/ccs/tools/compiler/gcc-arm-none-eabi-9-2019-q4-major/bin/../lib/gcc/arm-none-eabi/9.2.1/../../../../arm-none-eabi/lib/thumb/v7e-m/nofp/libg.a(lib_a-__call_atexit.o)
 .text          0x000000000000041c        0x0 /home/kunal/ti/ccs1260/ccs/tools/compiler/gcc-arm-none-eabi-9-2019-q4-major/bin/../lib/gcc/arm-none-eabi/9.2.1/../../../../arm-none-eabi/lib/thumb/v7e-m/nofp/libg.a(lib_a-atexit.o)
 .text          0x000000000000041c        0x0 /home/kunal/ti/ccs1260/ccs/tools/compiler/gcc-arm-none-eabi-9-2019-q4-major/bin/../lib/gcc/arm-none-eabi/9.2.1/../../../../arm-none-eabi/lib/thumb/v7e-m/nofp/libg.a(lib_a-closer.o)
 .text          0x000000000000041c        0x0 /home/kunal/ti/ccs1260/ccs/tools/compiler/gcc-arm-none-eabi-9-2019-q4-major/bin/../lib/gcc/arm-none-eabi/9.2.1/../../../../arm-none-eabi/lib/thumb/v7e-m/nofp/libg.a(lib_a-ctype_.o)
 .text          0x000000000000041c        0x0 /home/kunal/ti/ccs1260/ccs/tools/compiler/gcc-arm-none-eabi-9-2019-q4-major/bin/../lib/gcc/arm-none-eabi/9.2.1/../../../../arm-none-eabi/lib/thumb/v7e-m/nofp/libg.a(lib_a-fini.o)
 .text          0x000000000000041c        0x0 /home/kunal/ti/ccs1260/ccs/tools/compiler/gcc-arm-none-eabi-9-2019-q4-major/bin/../lib/gcc/arm-none-eabi/9.2.1/../../../../arm-none-eabi/lib/thumb/v7e-m/nofp/libg.a(lib_a-iswspace.o)
 .text          0x000000000000041c        0x0 /home/kunal/ti/ccs1260/ccs/tools/compiler/gcc-arm-none-eabi-9-2019-q4-major/bin/../lib/gcc/arm-none-eabi/9.2.1/../../../../arm-none-eabi/lib/thumb/v7e-m/nofp/libg.a(lib_a-iswspace_l.o)
 .text          0x000000000000041c        0x0 /home/kunal/ti/ccs1260/ccs/tools/compiler/gcc-arm-none-eabi-9-2019-q4-major/bin/../lib/gcc/arm-none-eabi/9.2.1/../../../../arm-none-eabi/lib/thumb/v7e-m/nofp/libg.a(lib_a-locale.o)
 .text          0x000000000000041c        0x0 /home/kunal/ti/ccs1260/ccs/tools/compiler/gcc-arm-none-eabi-9-2019-q4-major/bin/../lib/gcc/arm-none-eabi/9.2.1/../../../../arm-none-eabi/lib/thumb/v7e-m/nofp/libg.a(lib_a-localeconv.o)
 .text          0x000000000000041c        0x0 /home/kunal/ti/ccs1260/ccs/tools/compiler/gcc-arm-none-eabi-9-2019-q4-major/bin/../lib/gcc/arm-none-eabi/9.2.1/../../../../arm-none-eabi/lib/thumb/v7e-m/nofp/libg.a(lib_a-lock.o)
 .text          0x000000000000041c        0x0 /home/kunal/ti/ccs1260/ccs/tools/compiler/gcc-arm-none-eabi-9-2019-q4-major/bin/../lib/gcc/arm-none-eabi/9.2.1/../../../../arm-none-eabi/lib/thumb/v7e-m/nofp/libg.a(lib_a-lseekr.o)
 .text          0x000000000000041c        0x0 /home/kunal/ti/ccs1260/ccs/tools/compiler/gcc-arm-none-eabi-9-2019-q4-major/bin/../lib/gcc/arm-none-eabi/9.2.1/../../../../arm-none-eabi/lib/thumb/v7e-m/nofp/libg.a(lib_a-malloc.o)
 .text          0x000000000000041c        0x0 /home/kunal/ti/ccs1260/ccs/tools/compiler/gcc-arm-none-eabi-9-2019-q4-major/bin/../lib/gcc/arm-none-eabi/9.2.1/../../../../arm-none-eabi/lib/thumb/v7e-m/nofp/libg.a(lib_a-mallocr.o)
 .text          0x000000000000041c        0x0 /home/kunal/ti/ccs1260/ccs/tools/compiler/gcc-arm-none-eabi-9-2019-q4-major/bin/../lib/gcc/arm-none-eabi/9.2.1/../../../../arm-none-eabi/lib/thumb/v7e-m/nofp/libg.a(lib_a-mbrtowc.o)
 .text          0x000000000000041c        0x0 /home/kunal/ti/ccs1260/ccs/tools/compiler/gcc-arm-none-eabi-9-2019-q4-major/bin/../lib/gcc/arm-none-eabi/9.2.1/../../../../arm-none-eabi/lib/thumb/v7e-m/nofp/libg.a(lib_a-mbtowc_r.o)
 .text          0x000000000000041c        0x0 /home/kunal/ti/ccs1260/ccs/tools/compiler/gcc-arm-none-eabi-9-2019-q4-major/bin/../lib/gcc/arm-none-eabi/9.2.1/../../../../arm-none-eabi/lib/thumb/v7e-m/nofp/libg.a(lib_a-mlock.o)
 .text          0x000000000000041c        0x0 /home/kunal/ti/ccs1260/ccs/tools/compiler/gcc-arm-none-eabi-9-2019-q4-major/bin/../lib/gcc/arm-none-eabi/9.2.1/../../../../arm-none-eabi/lib/thumb/v7e-m/nofp/libg.a(lib_a-readr.o)
 .text          0x000000000000041c        0x0 /home/kunal/ti/ccs1260/ccs/tools/compiler/gcc-arm-none-eabi-9-2019-q4-major/bin/../lib/gcc/arm-none-eabi/9.2.1/../../../../arm-none-eabi/lib/thumb/v7e-m/nofp/libg.a(lib_a-realloc.o)
 .text          0x000000000000041c        0x0 /home/kunal/ti/ccs1260/ccs/tools/compiler/gcc-arm-none-eabi-9-2019-q4-major/bin/../lib/gcc/arm-none-eabi/9.2.1/../../../../arm-none-eabi/lib/thumb/v7e-m/nofp/libg.a(lib_a-reallocr.o)
 .text          0x000000000000041c        0x0 /home/kunal/ti/ccs1260/ccs/tools/compiler/gcc-arm-none-eabi-9-2019-q4-major/bin/../lib/gcc/arm-none-eabi/9.2.1/../../../../arm-none-eabi/lib/thumb/v7e-m/nofp/libg.a(lib_a-reent.o)
 .text          0x000000000000041c        0x0 /home/kunal/ti/ccs1260/ccs/tools/compiler/gcc-arm-none-eabi-9-2019-q4-major/bin/../lib/gcc/arm-none-eabi/9.2.1/../../../../arm-none-eabi/lib/thumb/v7e-m/nofp/libg.a(lib_a-sbrkr.o)
 .text          0x000000000000041c        0x0 /home/kunal/ti/ccs1260/ccs/tools/compiler/gcc-arm-none-eabi-9-2019-q4-major/bin/../lib/gcc/arm-none-eabi/9.2.1/../../../../arm-none-eabi/lib/thumb/v7e-m/nofp/libg.a(lib_a-sccl.o)
 .text          0x000000000000041c        0x0 /home/kunal/ti/ccs1260/ccs/tools/compiler/gcc-arm-none-eabi-9-2019-q4-major/bin/../lib/gcc/arm-none-eabi/9.2.1/../../../../arm-none-eabi/lib/thumb/v7e-m/nofp/libg.a(lib_a-sf_nan.o)
 .text          0x000000000000041c        0x0 /home/kunal/ti/ccs1260/ccs/tools/compiler/gcc-arm-none-eabi-9-2019-q4-major/bin/../lib/gcc/arm-none-eabi/9.2.1/../../../../arm-none-eabi/lib/thumb/v7e-m/nofp/libg.a(lib_a-sprintf.o)
 *fill*         0x000000000000041c        0x4 
 .text          0x0000000000000420      0x2dc /home/kunal/ti/ccs1260/ccs/tools/compiler/gcc-arm-none-eabi-9-2019-q4-major/bin/../lib/gcc/arm-none-eabi/9.2.1/../../../../arm-none-eabi/lib/thumb/v7e-m/nofp/libg.a(lib_a-strcmp.o)
                0x0000000000000428                strcmp
 .text          0x00000000000006fc        0x0 /home/kunal/ti/ccs1260/ccs/tools/compiler/gcc-arm-none-eabi-9-2019-q4-major/bin/../lib/gcc/arm-none-eabi/9.2.1/../../../../arm-none-eabi/lib/thumb/v7e-m/nofp/libg.a(lib_a-strtod.o)
 .text          0x00000000000006fc        0x0 /home/kunal/ti/ccs1260/ccs/tools/compiler/gcc-arm-none-eabi-9-2019-q4-major/bin/../lib/gcc/arm-none-eabi/9.2.1/../../../../arm-none-eabi/lib/thumb/v7e-m/nofp/libg.a(lib_a-strtol.o)
 .text          0x00000000000006fc        0x0 /home/kunal/ti/ccs1260/ccs/tools/compiler/gcc-arm-none-eabi-9-2019-q4-major/bin/../lib/gcc/arm-none-eabi/9.2.1/../../../../arm-none-eabi/lib/thumb/v7e-m/nofp/libg.a(lib_a-strtoll.o)
 .text          0x00000000000006fc        0x0 /home/kunal/ti/ccs1260/ccs/tools/compiler/gcc-arm-none-eabi-9-2019-q4-major/bin/../lib/gcc/arm-none-eabi/9.2.1/../../../../arm-none-eabi/lib/thumb/v7e-m/nofp/libg.a(lib_a-strtoul.o)
 .text          0x00000000000006fc        0x0 /home/kunal/ti/ccs1260/ccs/tools/compiler/gcc-arm-none-eabi-9-2019-q4-major/bin/../lib/gcc/arm-none-eabi/9.2.1/../../../../arm-none-eabi/lib/thumb/v7e-m/nofp/libg.a(lib_a-strtoull.o)
 .text          0x00000000000006fc        0x0 /home/kunal/ti/ccs1260/ccs/tools/compiler/gcc-arm-none-eabi-9-2019-q4-major/bin/../lib/gcc/arm-none-eabi/9.2.1/../../../../arm-none-eabi/lib/thumb/v7e-m/nofp/libg.a(lib_a-svfiscanf.o)
 .text          0x00000000000006fc        0x0 /home/kunal/ti/ccs1260/ccs/tools/compiler/gcc-arm-none-eabi-9-2019-q4-major/bin/../lib/gcc/arm-none-eabi/9.2.1/../../../../arm-none-eabi/lib/thumb/v7e-m/nofp/libg.a(lib_a-svfprintf.o)
 .text          0x00000000000006fc        0x0 /home/kunal/ti/ccs1260/ccs/tools/compiler/gcc-arm-none-eabi-9-2019-q4-major/bin/../lib/gcc/arm-none-eabi/9.2.1/../../../../arm-none-eabi/lib/thumb/v7e-m/nofp/libg.a(lib_a-ungetc.o)
 .text          0x00000000000006fc        0x0 /home/kunal/ti/ccs1260/ccs/tools/compiler/gcc-arm-none-eabi-9-2019-q4-major/bin/../lib/gcc/arm-none-eabi/9.2.1/../../../../arm-none-eabi/lib/thumb/v7e-m/nofp/libg.a(lib_a-wctomb_r.o)
 .text          0x00000000000006fc        0x0 /home/kunal/ti/ccs1260/ccs/tools/compiler/gcc-arm-none-eabi-9-2019-q4-major/bin/../lib/gcc/arm-none-eabi/9.2.1/../../../../arm-none-eabi/lib/thumb/v7e-m/nofp/libg.a(lib_a-__atexit.o)
 .text          0x00000000000006fc        0x0 /home/kunal/ti/ccs1260/ccs/tools/compiler/gcc-arm-none-eabi-9-2019-q4-major/bin/../lib/gcc/arm-none-eabi/9.2.1/../../../../arm-none-eabi/lib/thumb/v7e-m/nofp/libg.a(lib_a-dtoa.o)
 .text          0x00000000000006fc        0x0 /home/kunal/ti/ccs1260/ccs/tools/compiler/gcc-arm-none-eabi-9-2019-q4-major/bin/../lib/gcc/arm-none-eabi/9.2.1/../../../../arm-none-eabi/lib/thumb/v7e-m/nofp/libg.a(lib_a-fflush.o)
 .text          0x00000000000006fc        0x0 /home/kunal/ti/ccs1260/ccs/tools/compiler/gcc-arm-none-eabi-9-2019-q4-major/bin/../lib/gcc/arm-none-eabi/9.2.1/../../../../arm-none-eabi/lib/thumb/v7e-m/nofp/libg.a(lib_a-findfp.o)
 .text          0x00000000000006fc        0x0 /home/kunal/ti/ccs1260/ccs/tools/compiler/gcc-arm-none-eabi-9-2019-q4-major/bin/../lib/gcc/arm-none-eabi/9.2.1/../../../../arm-none-eabi/lib/thumb/v7e-m/nofp/libg.a(lib_a-freer.o)
 .text          0x00000000000006fc        0x0 /home/kunal/ti/ccs1260/ccs/tools/compiler/gcc-arm-none-eabi-9-2019-q4-major/bin/../lib/gcc/arm-none-eabi/9.2.1/../../../../arm-none-eabi/lib/thumb/v7e-m/nofp/libg.a(lib_a-fwalk.o)
 .text          0x00000000000006fc        0x0 /home/kunal/ti/ccs1260/ccs/tools/compiler/gcc-arm-none-eabi-9-2019-q4-major/bin/../lib/gcc/arm-none-eabi/9.2.1/../../../../arm-none-eabi/lib/thumb/v7e-m/nofp/libg.a(lib_a-gdtoa-gethex.o)
 .text          0x00000000000006fc        0x0 /home/kunal/ti/ccs1260/ccs/tools/compiler/gcc-arm-none-eabi-9-2019-q4-major/bin/../lib/gcc/arm-none-eabi/9.2.1/../../../../arm-none-eabi/lib/thumb/v7e-m/nofp/libg.a(lib_a-gdtoa-hexnan.o)
 .text          0x00000000000006fc        0x0 /home/kunal/ti/ccs1260/ccs/tools/compiler/gcc-arm-none-eabi-9-2019-q4-major/bin/../lib/gcc/arm-none-eabi/9.2.1/../../../../arm-none-eabi/lib/thumb/v7e-m/nofp/libg.a(lib_a-lnumeric.o)
 *fill*         0x00000000000006fc        0x4 
 .text          0x0000000000000700       0xa0 /home/kunal/ti/ccs1260/ccs/tools/compiler/gcc-arm-none-eabi-9-2019-q4-major/bin/../lib/gcc/arm-none-eabi/9.2.1/../../../../arm-none-eabi/lib/thumb/v7e-m/nofp/libg.a(lib_a-memchr.o)
                0x0000000000000700                memchr
 .text          0x00000000000007a0      0x134 /home/kunal/ti/ccs1260/ccs/tools/compiler/gcc-arm-none-eabi-9-2019-q4-major/bin/../lib/gcc/arm-none-eabi/9.2.1/../../../../arm-none-eabi/lib/thumb/v7e-m/nofp/libg.a(lib_a-memcpy.o)
                0x00000000000007a0                memcpy
 .text          0x00000000000008d4        0x0 /home/kunal/ti/ccs1260/ccs/tools/compiler/gcc-arm-none-eabi-9-2019-q4-major/bin/../lib/gcc/arm-none-eabi/9.2.1/../../../../arm-none-eabi/lib/thumb/v7e-m/nofp/libg.a(lib_a-memmove.o)
 .text          0x00000000000008d4        0x0 /home/kunal/ti/ccs1260/ccs/tools/compiler/gcc-arm-none-eabi-9-2019-q4-major/bin/../lib/gcc/arm-none-eabi/9.2.1/../../../../arm-none-eabi/lib/thumb/v7e-m/nofp/libg.a(lib_a-mprec.o)
 .text          0x00000000000008d4        0x0 /home/kunal/ti/ccs1260/ccs/tools/compiler/gcc-arm-none-eabi-9-2019-q4-major/bin/../lib/gcc/arm-none-eabi/9.2.1/../../../../arm-none-eabi/lib/thumb/v7e-m/nofp/libg.a(lib_a-s_frexp.o)
 .text          0x00000000000008d4        0x0 /home/kunal/ti/ccs1260/ccs/tools/compiler/gcc-arm-none-eabi-9-2019-q4-major/bin/../lib/gcc/arm-none-eabi/9.2.1/../../../../arm-none-eabi/lib/thumb/v7e-m/nofp/libg.a(lib_a-s_nan.o)
 .text          0x00000000000008d4        0x0 /home/kunal/ti/ccs1260/ccs/tools/compiler/gcc-arm-none-eabi-9-2019-q4-major/bin/../lib/gcc/arm-none-eabi/9.2.1/../../../../arm-none-eabi/lib/thumb/v7e-m/nofp/libg.a(lib_a-strncmp.o)
 .text          0x00000000000008d4        0x0 /home/kunal/ti/ccs1260/ccs/tools/compiler/gcc-arm-none-eabi-9-2019-q4-major/bin/../lib/gcc/arm-none-eabi/9.2.1/../../../../arm-none-eabi/lib/thumb/v7e-m/nofp/libg.a(lib_a-strncpy.o)
 .text          0x00000000000008d4        0x0 /home/kunal/ti/ccs1260/ccs/tools/compiler/gcc-arm-none-eabi-9-2019-q4-major/bin/../lib/gcc/arm-none-eabi/9.2.1/../../../../arm-none-eabi/lib/thumb/v7e-m/nofp/libg.a(lib_a-svfiprintf.o)
 .text          0x00000000000008d4        0x0 /home/kunal/ti/ccs1260/ccs/tools/compiler/gcc-arm-none-eabi-9-2019-q4-major/bin/../lib/gcc/arm-none-eabi/9.2.1/../../../../arm-none-eabi/lib/thumb/v7e-m/nofp/libg.a(lib_a-callocr.o)
 .text          0x00000000000008d4        0x0 /home/kunal/ti/ccs1260/ccs/tools/compiler/gcc-arm-none-eabi-9-2019-q4-major/bin/../lib/gcc/arm-none-eabi/9.2.1/../../../../arm-none-eabi/lib/thumb/v7e-m/nofp/libg.a(lib_a-fclose.o)
 .text          0x00000000000008d4      0x254 /home/kunal/ti/ccs1260/ccs/tools/compiler/gcc-arm-none-eabi-9-2019-q4-major/bin/../lib/gcc/arm-none-eabi/9.2.1/thumb/v7e-m/nofp/libgcc.a(_arm_muldf3.o)
 .text          0x0000000000000b28      0x378 /home/kunal/ti/ccs1260/ccs/tools/compiler/gcc-arm-none-eabi-9-2019-q4-major/bin/../lib/gcc/arm-none-eabi/9.2.1/thumb/v7e-m/nofp/libgcc.a(_arm_addsubdf3.o)
                0x0000000000000b28                __aeabi_drsub
                0x0000000000000b30                __aeabi_dsub
                0x0000000000000b30                __subdf3
                0x0000000000000b34                __adddf3
                0x0000000000000b34                __aeabi_dadd
                0x0000000000000dac                __aeabi_ui2d
                0x0000000000000dac                __floatunsidf
                0x0000000000000dcc                __floatsidf
                0x0000000000000dcc                __aeabi_i2d
                0x0000000000000df0                __extendsfdf2
                0x0000000000000df0                __aeabi_f2d
                0x0000000000000e34                __aeabi_ul2d
                0x0000000000000e34                __floatundidf
                0x0000000000000e44                __floatdidf
                0x0000000000000e44                __aeabi_l2d
 .text          0x0000000000000ea0      0x424 /home/kunal/ti/ccs1260/ccs/tools/compiler/gcc-arm-none-eabi-9-2019-q4-major/bin/../lib/gcc/arm-none-eabi/9.2.1/thumb/v7e-m/nofp/libgcc.a(_arm_muldivdf3.o)
                0x0000000000000ea0                __aeabi_dmul
                0x0000000000000ea0                __muldf3
                0x00000000000010f4                __aeabi_ddiv
                0x00000000000010f4                __divdf3
 .text          0x00000000000012c4      0x110 /home/kunal/ti/ccs1260/ccs/tools/compiler/gcc-arm-none-eabi-9-2019-q4-major/bin/../lib/gcc/arm-none-eabi/9.2.1/thumb/v7e-m/nofp/libgcc.a(_arm_cmpdf2.o)
                0x00000000000012c4                __gtdf2
                0x00000000000012c4                __gedf2
                0x00000000000012cc                __ltdf2
                0x00000000000012cc                __ledf2
                0x00000000000012d4                __cmpdf2
                0x00000000000012d4                __eqdf2
                0x00000000000012d4                __nedf2
                0x0000000000001350                __aeabi_cdrcmple
                0x0000000000001360                __aeabi_cdcmple
                0x0000000000001360                __aeabi_cdcmpeq
                0x0000000000001370                __aeabi_dcmpeq
                0x0000000000001384                __aeabi_dcmplt
                0x0000000000001398                __aeabi_dcmple
                0x00000000000013ac                __aeabi_dcmpge
                0x00000000000013c0                __aeabi_dcmpgt
 .text          0x00000000000013d4       0x2c /home/kunal/ti/ccs1260/ccs/tools/compiler/gcc-arm-none-eabi-9-2019-q4-major/bin/../lib/gcc/arm-none-eabi/9.2.1/thumb/v7e-m/nofp/libgcc.a(_arm_unorddf2.o)
                0x00000000000013d4                __aeabi_dcmpun
                0x00000000000013d4                __unorddf2
 .text          0x0000000000001400       0x50 /home/kunal/ti/ccs1260/ccs/tools/compiler/gcc-arm-none-eabi-9-2019-q4-major/bin/../lib/gcc/arm-none-eabi/9.2.1/thumb/v7e-m/nofp/libgcc.a(_arm_fixdfsi.o)
                0x0000000000001400                __fixdfsi
                0x0000000000001400                __aeabi_d2iz
 .text          0x0000000000001450       0x40 /home/kunal/ti/ccs1260/ccs/tools/compiler/gcc-arm-none-eabi-9-2019-q4-major/bin/../lib/gcc/arm-none-eabi/9.2.1/thumb/v7e-m/nofp/libgcc.a(_arm_fixunsdfsi.o)
                0x0000000000001450                __fixunsdfsi
                0x0000000000001450                __aeabi_d2uiz
 .text          0x0000000000001490       0xa0 /home/kunal/ti/ccs1260/ccs/tools/compiler/gcc-arm-none-eabi-9-2019-q4-major/bin/../lib/gcc/arm-none-eabi/9.2.1/thumb/v7e-m/nofp/libgcc.a(_arm_truncdfsf2.o)
                0x0000000000001490                __aeabi_d2f
                0x0000000000001490                __truncdfsf2
 .text          0x0000000000001530       0xec /home/kunal/ti/ccs1260/ccs/tools/compiler/gcc-arm-none-eabi-9-2019-q4-major/bin/../lib/gcc/arm-none-eabi/9.2.1/thumb/v7e-m/nofp/libgcc.a(_arm_cmpsf2.o)
                0x0000000000001530                __gtsf2
                0x0000000000001530                __gesf2
                0x0000000000001538                __lesf2
                0x0000000000001538                __ltsf2
                0x0000000000001540                __nesf2
                0x0000000000001540                __eqsf2
                0x0000000000001540                __cmpsf2
                0x00000000000015a0                __aeabi_cfrcmple
                0x00000000000015a8                __aeabi_cfcmple
                0x00000000000015a8                __aeabi_cfcmpeq
                0x00000000000015b8                __aeabi_fcmpeq
                0x00000000000015cc                __aeabi_fcmplt
                0x00000000000015e0                __aeabi_fcmple
                0x00000000000015f4                __aeabi_fcmpge
                0x0000000000001608                __aeabi_fcmpgt
 .text          0x000000000000161c       0x2c /home/kunal/ti/ccs1260/ccs/tools/compiler/gcc-arm-none-eabi-9-2019-q4-major/bin/../lib/gcc/arm-none-eabi/9.2.1/thumb/v7e-m/nofp/libgcc.a(_arm_unordsf2.o)
                0x000000000000161c                __aeabi_fcmpun
                0x000000000000161c                __unordsf2
 .text          0x0000000000001648       0x30 /home/kunal/ti/ccs1260/ccs/tools/compiler/gcc-arm-none-eabi-9-2019-q4-major/bin/../lib/gcc/arm-none-eabi/9.2.1/thumb/v7e-m/nofp/libgcc.a(_aeabi_uldivmod.o)
                0x0000000000001648                __aeabi_uldivmod
 .text          0x0000000000001678       0x34 /home/kunal/ti/ccs1260/ccs/tools/compiler/gcc-arm-none-eabi-9-2019-q4-major/bin/../lib/gcc/arm-none-eabi/9.2.1/thumb/v7e-m/nofp/libgcc.a(_fixdfdi.o)
                0x0000000000001678                __aeabi_d2lz
                0x0000000000001678                __fixdfdi
 .text          0x00000000000016ac       0x3c /home/kunal/ti/ccs1260/ccs/tools/compiler/gcc-arm-none-eabi-9-2019-q4-major/bin/../lib/gcc/arm-none-eabi/9.2.1/thumb/v7e-m/nofp/libgcc.a(_fixunsdfdi.o)
                0x00000000000016ac                __aeabi_d2ulz
                0x00000000000016ac                __fixunsdfdi
 .text          0x00000000000016e8      0x2c0 /home/kunal/ti/ccs1260/ccs/tools/compiler/gcc-arm-none-eabi-9-2019-q4-major/bin/../lib/gcc/arm-none-eabi/9.2.1/thumb/v7e-m/nofp/libgcc.a(_udivmoddi4.o)
                0x00000000000016e8                __udivmoddi4
 .text          0x00000000000019a8        0x4 /home/kunal/ti/ccs1260/ccs/tools/compiler/gcc-arm-none-eabi-9-2019-q4-major/bin/../lib/gcc/arm-none-eabi/9.2.1/thumb/v7e-m/nofp/libgcc.a(_dvmd_tls.o)
                0x00000000000019a8                __aeabi_ldiv0
                0x00000000000019a8                __aeabi_idiv0
 .text          0x00000000000019ac        0x0 /home/kunal/ti/ccs1260/ccs/tools/compiler/gcc-arm-none-eabi-9-2019-q4-major/bin/../lib/gcc/arm-none-eabi/9.2.1/../../../../arm-none-eabi/lib/thumb/v7e-m/nofp/libnosys.a(close.o)
 .text          0x00000000000019ac        0x0 /home/kunal/ti/ccs1260/ccs/tools/compiler/gcc-arm-none-eabi-9-2019-q4-major/bin/../lib/gcc/arm-none-eabi/9.2.1/../../../../arm-none-eabi/lib/thumb/v7e-m/nofp/libnosys.a(lseek.o)
 .text          0x00000000000019ac        0x0 /home/kunal/ti/ccs1260/ccs/tools/compiler/gcc-arm-none-eabi-9-2019-q4-major/bin/../lib/gcc/arm-none-eabi/9.2.1/../../../../arm-none-eabi/lib/thumb/v7e-m/nofp/libnosys.a(read.o)
 .text          0x00000000000019ac        0x0 /home/kunal/ti/ccs1260/ccs/tools/compiler/gcc-arm-none-eabi-9-2019-q4-major/bin/../lib/gcc/arm-none-eabi/9.2.1/../../../../arm-none-eabi/lib/thumb/v7e-m/nofp/libnosys.a(sbrk.o)
 .text          0x00000000000019ac        0x0 /home/kunal/ti/ccs1260/ccs/tools/compiler/gcc-arm-none-eabi-9-2019-q4-major/bin/../lib/gcc/arm-none-eabi/9.2.1/../../../../arm-none-eabi/lib/thumb/v7e-m/nofp/libnosys.a(write.o)
 .text          0x00000000000019ac        0x0 /home/kunal/ti/ccs1260/ccs/tools/compiler/gcc-arm-none-eabi-9-2019-q4-major/bin/../lib/gcc/arm-none-eabi/9.2.1/../../../../arm-none-eabi/lib/thumb/v7e-m/nofp/libnosys.a(_exit.o)
 .text          0x00000000000019ac        0x0 /home/kunal/ti/ccs1260/ccs/tools/compiler/gcc-arm-none-eabi-9-2019-q4-major/bin/../lib/gcc/arm-none-eabi/9.2.1/thumb/v7e-m/nofp/crtend.o
 .text          0x00000000000019ac        0x0 /home/kunal/ti/ccs1260/ccs/tools/compiler/gcc-arm-none-eabi-9-2019-q4-major/bin/../lib/gcc/arm-none-eabi/9.2.1/thumb/v7e-m/nofp/crtn.o
 *(.text.*)
 .text.keypad_init
                0x00000000000019ac       0x7c ./keypad.o
                0x00000000000019ac                keypad_init
 .text.keypad_interrupt
                0x0000000000001a28       0x4c ./keypad.o
                0x0000000000001a28                keypad_interrupt
 .text.lcd_config
                0x0000000000001a74       0x74 ./lcd.o
                0x0000000000001a74                lcd_config
 .text.lcd_init
                0x0000000000001ae8       0xd4 ./lcd.o
                0x0000000000001ae8                lcd_init
 .text.lcd_command
                0x0000000000001bbc       0x58 ./lcd.o
                0x0000000000001bbc                lcd_command
 .text.lcd_print
                0x0000000000001c14       0x8c ./lcd.o
                0x0000000000001c14                lcd_print
 .text.lcd_addr_addr
                0x0000000000001ca0       0x8c ./lcd.o
                0x0000000000001ca0                lcd_addr_addr
 .text.lcd_delay
                0x0000000000001d2c       0x3e ./lcd.o
                0x0000000000001d2c                lcd_delay
 *fill*         0x0000000000001d6a        0x2 
 .text.main     0x0000000000001d6c       0xa0 ./main.o
                0x0000000000001d6c                main
 .text.pre_process
                0x0000000000001e0c      0x1b8 ./main.o
                0x0000000000001e0c                pre_process
 .text.myHandler
                0x0000000000001fc4      0x158 ./main.o
                0x0000000000001fc4                myHandler
 .text.UART_InChar
                0x000000000000211c       0x28 ./main.o
                0x000000000000211c                UART_InChar
 .text.myUartHandler
                0x0000000000002144      0x24c ./main.o
                0x0000000000002144                myUartHandler
 .text.change_color
                0x0000000000002390      0x110 ./main.o
                0x0000000000002390                change_color
 .text.change_blink_speed
                0x00000000000024a0       0x70 ./main.o
                0x00000000000024a0                change_blink_speed
 .text.switch_led_init
                0x0000000000002510       0x60 ./main.o
                0x0000000000002510                switch_led_init
 .text.console_pause
                0x0000000000002570       0x18 ./main.o
                0x0000000000002570                console_pause
 .text.console_resume
                0x0000000000002588       0x18 ./main.o
                0x0000000000002588                console_resume
 .text.console_start
                0x00000000000025a0       0x2c ./main.o
                0x00000000000025a0                console_start
 .text.console_stop
                0x00000000000025cc       0x78 ./main.o
                0x00000000000025cc                console_stop
 .text.gpioc_handler
                0x0000000000002644       0x1c ./main.o
                0x0000000000002644                gpioc_handler
 .text.check_keypad_sw
                0x0000000000002660      0x170 ./main.o
                0x0000000000002660                check_keypad_sw
 .text.delayMs  0x00000000000027d0       0x62 ./main.o
                0x00000000000027d0                delayMs
 .text.debounce
                0x0000000000002832       0x3e ./main.o
                0x0000000000002832                debounce
 .text.init_7segment
                0x0000000000002870       0x68 ./segment7.o
                0x0000000000002870                init_7segment
 .text.segment_display
                0x00000000000028d8       0x58 ./segment7.o
                0x00000000000028d8                segment_display
 .text.SysTick_init
                0x0000000000002930       0x30 ./segment7.o
                0x0000000000002930                SysTick_init
 .text.SysTick_Handler
                0x0000000000002960        0xc ./segment7.o
                0x0000000000002960                SysTick_Handler
 .text.enable_irq
                0x000000000000296c        0xe ./segment7.o
                0x000000000000296c                enable_irq
 *fill*         0x000000000000297a        0x2 
 .text.segment_display_refresh
                0x000000000000297c       0x5c ./segment7.o
                0x000000000000297c                segment_display_refresh
 .text.ResetISR
                0x00000000000029d8       0x6c ./tm4c123gh6pm_startup_ccs_gcc.o
                0x00000000000029d8                ResetISR
 .text.NmiSR    0x0000000000002a44        0x6 ./tm4c123gh6pm_startup_ccs_gcc.o
 .text.FaultISR
                0x0000000000002a4a        0x6 ./tm4c123gh6pm_startup_ccs_gcc.o
 .text.IntDefaultHandler
                0x0000000000002a50        0x6 ./tm4c123gh6pm_startup_ccs_gcc.o
 *fill*         0x0000000000002a56        0x2 
 .text.UART_Init
                0x0000000000002a58       0xc4 ./uart.o
                0x0000000000002a58                UART_Init
 .text.UART0_Transmitter
                0x0000000000002b1c       0x30 ./uart.o
                0x0000000000002b1c                UART0_Transmitter
 .text.UART_OutChar
                0x0000000000002b4c       0x30 ./uart.o
                0x0000000000002b4c                UART_OutChar
 .text.error    0x0000000000002b7c       0x30 ./uart.o
                0x0000000000002b7c                error
 .text.print    0x0000000000002bac       0x38 ./uart.o
                0x0000000000002bac                print
 .text.mystringcompare
                0x0000000000002be4       0xaa ./uart.o
                0x0000000000002be4                mystringcompare
 *fill*         0x0000000000002c8e        0x2 
 .text.exit     0x0000000000002c90       0x20 /home/kunal/ti/ccs1260/ccs/tools/compiler/gcc-arm-none-eabi-9-2019-q4-major/bin/../lib/gcc/arm-none-eabi/9.2.1/../../../../arm-none-eabi/lib/thumb/v7e-m/nofp/libg.a(lib_a-exit.o)
                0x0000000000002c90                exit
 .text.__libc_init_array
                0x0000000000002cb0       0x48 /home/kunal/ti/ccs1260/ccs/tools/compiler/gcc-arm-none-eabi-9-2019-q4-major/bin/../lib/gcc/arm-none-eabi/9.2.1/../../../../arm-none-eabi/lib/thumb/v7e-m/nofp/libg.a(lib_a-init.o)
                0x0000000000002cb0                __libc_init_array
 .text.memset   0x0000000000002cf8       0xa0 /home/kunal/ti/ccs1260/ccs/tools/compiler/gcc-arm-none-eabi-9-2019-q4-major/bin/../lib/gcc/arm-none-eabi/9.2.1/../../../../arm-none-eabi/lib/thumb/v7e-m/nofp/libg.a(lib_a-memset.o)
                0x0000000000002cf8                memset
 .text.sscanf   0x0000000000002d98       0x58 /home/kunal/ti/ccs1260/ccs/tools/compiler/gcc-arm-none-eabi-9-2019-q4-major/bin/../lib/gcc/arm-none-eabi/9.2.1/../../../../arm-none-eabi/lib/thumb/v7e-m/nofp/libg.a(lib_a-sscanf.o)
                0x0000000000002d98                sscanf
 .text._sscanf_r
                0x0000000000002df0       0x54 /home/kunal/ti/ccs1260/ccs/tools/compiler/gcc-arm-none-eabi-9-2019-q4-major/bin/../lib/gcc/arm-none-eabi/9.2.1/../../../../arm-none-eabi/lib/thumb/v7e-m/nofp/libg.a(lib_a-sscanf.o)
                0x0000000000002df0                _sscanf_r
 .text.__sread  0x0000000000002e44       0x24 /home/kunal/ti/ccs1260/ccs/tools/compiler/gcc-arm-none-eabi-9-2019-q4-major/bin/../lib/gcc/arm-none-eabi/9.2.1/../../../../arm-none-eabi/lib/thumb/v7e-m/nofp/libg.a(lib_a-stdio.o)
                0x0000000000002e44                __sread
 .text.__seofread
                0x0000000000002e68        0x4 /home/kunal/ti/ccs1260/ccs/tools/compiler/gcc-arm-none-eabi-9-2019-q4-major/bin/../lib/gcc/arm-none-eabi/9.2.1/../../../../arm-none-eabi/lib/thumb/v7e-m/nofp/libg.a(lib_a-stdio.o)
                0x0000000000002e68                __seofread
 .text.__swrite
                0x0000000000002e6c       0x40 /home/kunal/ti/ccs1260/ccs/tools/compiler/gcc-arm-none-eabi-9-2019-q4-major/bin/../lib/gcc/arm-none-eabi/9.2.1/../../../../arm-none-eabi/lib/thumb/v7e-m/nofp/libg.a(lib_a-stdio.o)
                0x0000000000002e6c                __swrite
 .text.__sseek  0x0000000000002eac       0x20 /home/kunal/ti/ccs1260/ccs/tools/compiler/gcc-arm-none-eabi-9-2019-q4-major/bin/../lib/gcc/arm-none-eabi/9.2.1/../../../../arm-none-eabi/lib/thumb/v7e-m/nofp/libg.a(lib_a-stdio.o)
                0x0000000000002eac                __sseek
 .text.__sclose
                0x0000000000002ecc        0x8 /home/kunal/ti/ccs1260/ccs/tools/compiler/gcc-arm-none-eabi-9-2019-q4-major/bin/../lib/gcc/arm-none-eabi/9.2.1/../../../../arm-none-eabi/lib/thumb/v7e-m/nofp/libg.a(lib_a-stdio.o)
                0x0000000000002ecc                __sclose
 .text.__ssvfscanf_r
                0x0000000000002ed4     0x169c /home/kunal/ti/ccs1260/ccs/tools/compiler/gcc-arm-none-eabi-9-2019-q4-major/bin/../lib/gcc/arm-none-eabi/9.2.1/../../../../arm-none-eabi/lib/thumb/v7e-m/nofp/libg.a(lib_a-svfscanf.o)
                0x0000000000002ed4                __ssvfscanf_r
 .text._write_r
                0x0000000000004570       0x2c /home/kunal/ti/ccs1260/ccs/tools/compiler/gcc-arm-none-eabi-9-2019-q4-major/bin/../lib/gcc/arm-none-eabi/9.2.1/../../../../arm-none-eabi/lib/thumb/v7e-m/nofp/libg.a(lib_a-writer.o)
                0x0000000000004570                _write_r
 .text.startup.register_fini
                0x000000000000459c       0x14 /home/kunal/ti/ccs1260/ccs/tools/compiler/gcc-arm-none-eabi-9-2019-q4-major/bin/../lib/gcc/arm-none-eabi/9.2.1/../../../../arm-none-eabi/lib/thumb/v7e-m/nofp/libg.a(lib_a-__call_atexit.o)
 .text.__call_exitprocs
                0x00000000000045b0       0xc4 /home/kunal/ti/ccs1260/ccs/tools/compiler/gcc-arm-none-eabi-9-2019-q4-major/bin/../lib/gcc/arm-none-eabi/9.2.1/../../../../arm-none-eabi/lib/thumb/v7e-m/nofp/libg.a(lib_a-__call_atexit.o)
                0x00000000000045b0                __call_exitprocs
 .text.atexit   0x0000000000004674        0xc /home/kunal/ti/ccs1260/ccs/tools/compiler/gcc-arm-none-eabi-9-2019-q4-major/bin/../lib/gcc/arm-none-eabi/9.2.1/../../../../arm-none-eabi/lib/thumb/v7e-m/nofp/libg.a(lib_a-atexit.o)
                0x0000000000004674                atexit
 .text._close_r
                0x0000000000004680       0x24 /home/kunal/ti/ccs1260/ccs/tools/compiler/gcc-arm-none-eabi-9-2019-q4-major/bin/../lib/gcc/arm-none-eabi/9.2.1/../../../../arm-none-eabi/lib/thumb/v7e-m/nofp/libg.a(lib_a-closer.o)
                0x0000000000004680                _close_r
 .text.__libc_fini_array
                0x00000000000046a4       0x2c /home/kunal/ti/ccs1260/ccs/tools/compiler/gcc-arm-none-eabi-9-2019-q4-major/bin/../lib/gcc/arm-none-eabi/9.2.1/../../../../arm-none-eabi/lib/thumb/v7e-m/nofp/libg.a(lib_a-fini.o)
                0x00000000000046a4                __libc_fini_array
 .text.iswspace
                0x00000000000046d0        0x8 /home/kunal/ti/ccs1260/ccs/tools/compiler/gcc-arm-none-eabi-9-2019-q4-major/bin/../lib/gcc/arm-none-eabi/9.2.1/../../../../arm-none-eabi/lib/thumb/v7e-m/nofp/libg.a(lib_a-iswspace.o)
                0x00000000000046d0                iswspace
 .text.iswspace_l
                0x00000000000046d8       0x14 /home/kunal/ti/ccs1260/ccs/tools/compiler/gcc-arm-none-eabi-9-2019-q4-major/bin/../lib/gcc/arm-none-eabi/9.2.1/../../../../arm-none-eabi/lib/thumb/v7e-m/nofp/libg.a(lib_a-iswspace_l.o)
                0x00000000000046d8                iswspace_l
 .text._setlocale_r
                0x00000000000046ec       0x40 /home/kunal/ti/ccs1260/ccs/tools/compiler/gcc-arm-none-eabi-9-2019-q4-major/bin/../lib/gcc/arm-none-eabi/9.2.1/../../../../arm-none-eabi/lib/thumb/v7e-m/nofp/libg.a(lib_a-locale.o)
                0x00000000000046ec                _setlocale_r
 .text.__locale_mb_cur_max
                0x000000000000472c        0xc /home/kunal/ti/ccs1260/ccs/tools/compiler/gcc-arm-none-eabi-9-2019-q4-major/bin/../lib/gcc/arm-none-eabi/9.2.1/../../../../arm-none-eabi/lib/thumb/v7e-m/nofp/libg.a(lib_a-locale.o)
                0x000000000000472c                __locale_mb_cur_max
 .text.setlocale
                0x0000000000004738       0x10 /home/kunal/ti/ccs1260/ccs/tools/compiler/gcc-arm-none-eabi-9-2019-q4-major/bin/../lib/gcc/arm-none-eabi/9.2.1/../../../../arm-none-eabi/lib/thumb/v7e-m/nofp/libg.a(lib_a-locale.o)
                0x0000000000004738                setlocale
 .text.__localeconv_l
                0x0000000000004748        0x4 /home/kunal/ti/ccs1260/ccs/tools/compiler/gcc-arm-none-eabi-9-2019-q4-major/bin/../lib/gcc/arm-none-eabi/9.2.1/../../../../arm-none-eabi/lib/thumb/v7e-m/nofp/libg.a(lib_a-localeconv.o)
                0x0000000000004748                __localeconv_l
 .text._localeconv_r
                0x000000000000474c        0x8 /home/kunal/ti/ccs1260/ccs/tools/compiler/gcc-arm-none-eabi-9-2019-q4-major/bin/../lib/gcc/arm-none-eabi/9.2.1/../../../../arm-none-eabi/lib/thumb/v7e-m/nofp/libg.a(lib_a-localeconv.o)
                0x000000000000474c                _localeconv_r
 .text.localeconv
                0x0000000000004754        0x8 /home/kunal/ti/ccs1260/ccs/tools/compiler/gcc-arm-none-eabi-9-2019-q4-major/bin/../lib/gcc/arm-none-eabi/9.2.1/../../../../arm-none-eabi/lib/thumb/v7e-m/nofp/libg.a(lib_a-localeconv.o)
                0x0000000000004754                localeconv
 .text.__retarget_lock_init
                0x000000000000475c        0x4 /home/kunal/ti/ccs1260/ccs/tools/compiler/gcc-arm-none-eabi-9-2019-q4-major/bin/../lib/gcc/arm-none-eabi/9.2.1/../../../../arm-none-eabi/lib/thumb/v7e-m/nofp/libg.a(lib_a-lock.o)
                0x000000000000475c                __retarget_lock_init
 .text.__retarget_lock_init_recursive
                0x0000000000004760        0x4 /home/kunal/ti/ccs1260/ccs/tools/compiler/gcc-arm-none-eabi-9-2019-q4-major/bin/../lib/gcc/arm-none-eabi/9.2.1/../../../../arm-none-eabi/lib/thumb/v7e-m/nofp/libg.a(lib_a-lock.o)
                0x0000000000004760                __retarget_lock_init_recursive
 .text.__retarget_lock_close
                0x0000000000004764        0x4 /home/kunal/ti/ccs1260/ccs/tools/compiler/gcc-arm-none-eabi-9-2019-q4-major/bin/../lib/gcc/arm-none-eabi/9.2.1/../../../../arm-none-eabi/lib/thumb/v7e-m/nofp/libg.a(lib_a-lock.o)
                0x0000000000004764                __retarget_lock_close
 .text.__retarget_lock_close_recursive
                0x0000000000004768        0x4 /home/kunal/ti/ccs1260/ccs/tools/compiler/gcc-arm-none-eabi-9-2019-q4-major/bin/../lib/gcc/arm-none-eabi/9.2.1/../../../../arm-none-eabi/lib/thumb/v7e-m/nofp/libg.a(lib_a-lock.o)
                0x0000000000004768                __retarget_lock_close_recursive
 .text.__retarget_lock_acquire
                0x000000000000476c        0x4 /home/kunal/ti/ccs1260/ccs/tools/compiler/gcc-arm-none-eabi-9-2019-q4-major/bin/../lib/gcc/arm-none-eabi/9.2.1/../../../../arm-none-eabi/lib/thumb/v7e-m/nofp/libg.a(lib_a-lock.o)
                0x000000000000476c                __retarget_lock_acquire
 .text.__retarget_lock_acquire_recursive
                0x0000000000004770        0x4 /home/kunal/ti/ccs1260/ccs/tools/compiler/gcc-arm-none-eabi-9-2019-q4-major/bin/../lib/gcc/arm-none-eabi/9.2.1/../../../../arm-none-eabi/lib/thumb/v7e-m/nofp/libg.a(lib_a-lock.o)
                0x0000000000004770                __retarget_lock_acquire_recursive
 .text.__retarget_lock_try_acquire
                0x0000000000004774        0x4 /home/kunal/ti/ccs1260/ccs/tools/compiler/gcc-arm-none-eabi-9-2019-q4-major/bin/../lib/gcc/arm-none-eabi/9.2.1/../../../../arm-none-eabi/lib/thumb/v7e-m/nofp/libg.a(lib_a-lock.o)
                0x0000000000004774                __retarget_lock_try_acquire
 .text.__retarget_lock_try_acquire_recursive
                0x0000000000004778        0x4 /home/kunal/ti/ccs1260/ccs/tools/compiler/gcc-arm-none-eabi-9-2019-q4-major/bin/../lib/gcc/arm-none-eabi/9.2.1/../../../../arm-none-eabi/lib/thumb/v7e-m/nofp/libg.a(lib_a-lock.o)
                0x0000000000004778                __retarget_lock_try_acquire_recursive
 .text.__retarget_lock_release
                0x000000000000477c        0x4 /home/kunal/ti/ccs1260/ccs/tools/compiler/gcc-arm-none-eabi-9-2019-q4-major/bin/../lib/gcc/arm-none-eabi/9.2.1/../../../../arm-none-eabi/lib/thumb/v7e-m/nofp/libg.a(lib_a-lock.o)
                0x000000000000477c                __retarget_lock_release
 .text.__retarget_lock_release_recursive
                0x0000000000004780        0x4 /home/kunal/ti/ccs1260/ccs/tools/compiler/gcc-arm-none-eabi-9-2019-q4-major/bin/../lib/gcc/arm-none-eabi/9.2.1/../../../../arm-none-eabi/lib/thumb/v7e-m/nofp/libg.a(lib_a-lock.o)
                0x0000000000004780                __retarget_lock_release_recursive
 .text._lseek_r
                0x0000000000004784       0x2c /home/kunal/ti/ccs1260/ccs/tools/compiler/gcc-arm-none-eabi-9-2019-q4-major/bin/../lib/gcc/arm-none-eabi/9.2.1/../../../../arm-none-eabi/lib/thumb/v7e-m/nofp/libg.a(lib_a-lseekr.o)
                0x0000000000004784                _lseek_r
 .text.malloc   0x00000000000047b0       0x10 /home/kunal/ti/ccs1260/ccs/tools/compiler/gcc-arm-none-eabi-9-2019-q4-major/bin/../lib/gcc/arm-none-eabi/9.2.1/../../../../arm-none-eabi/lib/thumb/v7e-m/nofp/libg.a(lib_a-malloc.o)
                0x00000000000047b0                malloc
 .text.free     0x00000000000047c0       0x10 /home/kunal/ti/ccs1260/ccs/tools/compiler/gcc-arm-none-eabi-9-2019-q4-major/bin/../lib/gcc/arm-none-eabi/9.2.1/../../../../arm-none-eabi/lib/thumb/v7e-m/nofp/libg.a(lib_a-malloc.o)
                0x00000000000047c0                free
 .text._malloc_r
                0x00000000000047d0      0x574 /home/kunal/ti/ccs1260/ccs/tools/compiler/gcc-arm-none-eabi-9-2019-q4-major/bin/../lib/gcc/arm-none-eabi/9.2.1/../../../../arm-none-eabi/lib/thumb/v7e-m/nofp/libg.a(lib_a-mallocr.o)
                0x00000000000047d0                _malloc_r
 .text._mbrtowc_r
                0x0000000000004d44       0x44 /home/kunal/ti/ccs1260/ccs/tools/compiler/gcc-arm-none-eabi-9-2019-q4-major/bin/../lib/gcc/arm-none-eabi/9.2.1/../../../../arm-none-eabi/lib/thumb/v7e-m/nofp/libg.a(lib_a-mbrtowc.o)
                0x0000000000004d44                _mbrtowc_r
 .text.mbrtowc  0x0000000000004d88       0x54 /home/kunal/ti/ccs1260/ccs/tools/compiler/gcc-arm-none-eabi-9-2019-q4-major/bin/../lib/gcc/arm-none-eabi/9.2.1/../../../../arm-none-eabi/lib/thumb/v7e-m/nofp/libg.a(lib_a-mbrtowc.o)
                0x0000000000004d88                mbrtowc
 .text._mbtowc_r
                0x0000000000004ddc       0x14 /home/kunal/ti/ccs1260/ccs/tools/compiler/gcc-arm-none-eabi-9-2019-q4-major/bin/../lib/gcc/arm-none-eabi/9.2.1/../../../../arm-none-eabi/lib/thumb/v7e-m/nofp/libg.a(lib_a-mbtowc_r.o)
                0x0000000000004ddc                _mbtowc_r
 .text.__ascii_mbtowc
                0x0000000000004df0       0x2c /home/kunal/ti/ccs1260/ccs/tools/compiler/gcc-arm-none-eabi-9-2019-q4-major/bin/../lib/gcc/arm-none-eabi/9.2.1/../../../../arm-none-eabi/lib/thumb/v7e-m/nofp/libg.a(lib_a-mbtowc_r.o)
                0x0000000000004df0                __ascii_mbtowc
 .text.__malloc_lock
                0x0000000000004e1c        0xc /home/kunal/ti/ccs1260/ccs/tools/compiler/gcc-arm-none-eabi-9-2019-q4-major/bin/../lib/gcc/arm-none-eabi/9.2.1/../../../../arm-none-eabi/lib/thumb/v7e-m/nofp/libg.a(lib_a-mlock.o)
                0x0000000000004e1c                __malloc_lock
 .text.__malloc_unlock
                0x0000000000004e28        0xc /home/kunal/ti/ccs1260/ccs/tools/compiler/gcc-arm-none-eabi-9-2019-q4-major/bin/../lib/gcc/arm-none-eabi/9.2.1/../../../../arm-none-eabi/lib/thumb/v7e-m/nofp/libg.a(lib_a-mlock.o)
                0x0000000000004e28                __malloc_unlock
 .text._read_r  0x0000000000004e34       0x2c /home/kunal/ti/ccs1260/ccs/tools/compiler/gcc-arm-none-eabi-9-2019-q4-major/bin/../lib/gcc/arm-none-eabi/9.2.1/../../../../arm-none-eabi/lib/thumb/v7e-m/nofp/libg.a(lib_a-readr.o)
                0x0000000000004e34                _read_r
 .text.realloc  0x0000000000004e60       0x10 /home/kunal/ti/ccs1260/ccs/tools/compiler/gcc-arm-none-eabi-9-2019-q4-major/bin/../lib/gcc/arm-none-eabi/9.2.1/../../../../arm-none-eabi/lib/thumb/v7e-m/nofp/libg.a(lib_a-realloc.o)
                0x0000000000004e60                realloc
 .text._realloc_r
                0x0000000000004e70      0x3e0 /home/kunal/ti/ccs1260/ccs/tools/compiler/gcc-arm-none-eabi-9-2019-q4-major/bin/../lib/gcc/arm-none-eabi/9.2.1/../../../../arm-none-eabi/lib/thumb/v7e-m/nofp/libg.a(lib_a-reallocr.o)
                0x0000000000004e70                _realloc_r
 .text.cleanup_glue
                0x0000000000005250       0x1c /home/kunal/ti/ccs1260/ccs/tools/compiler/gcc-arm-none-eabi-9-2019-q4-major/bin/../lib/gcc/arm-none-eabi/9.2.1/../../../../arm-none-eabi/lib/thumb/v7e-m/nofp/libg.a(lib_a-reent.o)
                0x0000000000005250                cleanup_glue
 .text._reclaim_reent
                0x000000000000526c       0x84 /home/kunal/ti/ccs1260/ccs/tools/compiler/gcc-arm-none-eabi-9-2019-q4-major/bin/../lib/gcc/arm-none-eabi/9.2.1/../../../../arm-none-eabi/lib/thumb/v7e-m/nofp/libg.a(lib_a-reent.o)
                0x000000000000526c                _reclaim_reent
 .text._sbrk_r  0x00000000000052f0       0x24 /home/kunal/ti/ccs1260/ccs/tools/compiler/gcc-arm-none-eabi-9-2019-q4-major/bin/../lib/gcc/arm-none-eabi/9.2.1/../../../../arm-none-eabi/lib/thumb/v7e-m/nofp/libg.a(lib_a-sbrkr.o)
                0x00000000000052f0                _sbrk_r
 .text.__sccl   0x0000000000005314       0x88 /home/kunal/ti/ccs1260/ccs/tools/compiler/gcc-arm-none-eabi-9-2019-q4-major/bin/../lib/gcc/arm-none-eabi/9.2.1/../../../../arm-none-eabi/lib/thumb/v7e-m/nofp/libg.a(lib_a-sccl.o)
                0x0000000000005314                __sccl
 .text.nanf     0x000000000000539c        0x8 /home/kunal/ti/ccs1260/ccs/tools/compiler/gcc-arm-none-eabi-9-2019-q4-major/bin/../lib/gcc/arm-none-eabi/9.2.1/../../../../arm-none-eabi/lib/thumb/v7e-m/nofp/libg.a(lib_a-sf_nan.o)
                0x000000000000539c                nanf
 .text._sprintf_r
                0x00000000000053a4       0x38 /home/kunal/ti/ccs1260/ccs/tools/compiler/gcc-arm-none-eabi-9-2019-q4-major/bin/../lib/gcc/arm-none-eabi/9.2.1/../../../../arm-none-eabi/lib/thumb/v7e-m/nofp/libg.a(lib_a-sprintf.o)
                0x00000000000053a4                _sprintf_r
 .text.sprintf  0x00000000000053dc       0x44 /home/kunal/ti/ccs1260/ccs/tools/compiler/gcc-arm-none-eabi-9-2019-q4-major/bin/../lib/gcc/arm-none-eabi/9.2.1/../../../../arm-none-eabi/lib/thumb/v7e-m/nofp/libg.a(lib_a-sprintf.o)
                0x00000000000053dc                sprintf
 .text.sulp     0x0000000000005420       0x44 /home/kunal/ti/ccs1260/ccs/tools/compiler/gcc-arm-none-eabi-9-2019-q4-major/bin/../lib/gcc/arm-none-eabi/9.2.1/../../../../arm-none-eabi/lib/thumb/v7e-m/nofp/libg.a(lib_a-strtod.o)
 *fill*         0x0000000000005464        0x4 
 .text._strtod_l
                0x0000000000005468      0xf34 /home/kunal/ti/ccs1260/ccs/tools/compiler/gcc-arm-none-eabi-9-2019-q4-major/bin/../lib/gcc/arm-none-eabi/9.2.1/../../../../arm-none-eabi/lib/thumb/v7e-m/nofp/libg.a(lib_a-strtod.o)
                0x0000000000005468                _strtod_l
 .text._strtod_r
                0x000000000000639c        0xc /home/kunal/ti/ccs1260/ccs/tools/compiler/gcc-arm-none-eabi-9-2019-q4-major/bin/../lib/gcc/arm-none-eabi/9.2.1/../../../../arm-none-eabi/lib/thumb/v7e-m/nofp/libg.a(lib_a-strtod.o)
                0x000000000000639c                _strtod_r
 .text.strtod_l
                0x00000000000063a8       0x18 /home/kunal/ti/ccs1260/ccs/tools/compiler/gcc-arm-none-eabi-9-2019-q4-major/bin/../lib/gcc/arm-none-eabi/9.2.1/../../../../arm-none-eabi/lib/thumb/v7e-m/nofp/libg.a(lib_a-strtod.o)
                0x00000000000063a8                strtod_l
 .text.strtod   0x00000000000063c0       0x1c /home/kunal/ti/ccs1260/ccs/tools/compiler/gcc-arm-none-eabi-9-2019-q4-major/bin/../lib/gcc/arm-none-eabi/9.2.1/../../../../arm-none-eabi/lib/thumb/v7e-m/nofp/libg.a(lib_a-strtod.o)
                0x00000000000063c0                strtod
 .text.strtof_l
                0x00000000000063dc       0x9c /home/kunal/ti/ccs1260/ccs/tools/compiler/gcc-arm-none-eabi-9-2019-q4-major/bin/../lib/gcc/arm-none-eabi/9.2.1/../../../../arm-none-eabi/lib/thumb/v7e-m/nofp/libg.a(lib_a-strtod.o)
                0x00000000000063dc                strtof_l
 .text.strtof   0x0000000000006478       0xa0 /home/kunal/ti/ccs1260/ccs/tools/compiler/gcc-arm-none-eabi-9-2019-q4-major/bin/../lib/gcc/arm-none-eabi/9.2.1/../../../../arm-none-eabi/lib/thumb/v7e-m/nofp/libg.a(lib_a-strtod.o)
                0x0000000000006478                strtof
 .text._strtol_l.isra.0
                0x0000000000006518      0x10c /home/kunal/ti/ccs1260/ccs/tools/compiler/gcc-arm-none-eabi-9-2019-q4-major/bin/../lib/gcc/arm-none-eabi/9.2.1/../../../../arm-none-eabi/lib/thumb/v7e-m/nofp/libg.a(lib_a-strtol.o)
 .text._strtol_r
                0x0000000000006624        0x4 /home/kunal/ti/ccs1260/ccs/tools/compiler/gcc-arm-none-eabi-9-2019-q4-major/bin/../lib/gcc/arm-none-eabi/9.2.1/../../../../arm-none-eabi/lib/thumb/v7e-m/nofp/libg.a(lib_a-strtol.o)
                0x0000000000006624                _strtol_r
 .text.strtol_l
                0x0000000000006628       0x18 /home/kunal/ti/ccs1260/ccs/tools/compiler/gcc-arm-none-eabi-9-2019-q4-major/bin/../lib/gcc/arm-none-eabi/9.2.1/../../../../arm-none-eabi/lib/thumb/v7e-m/nofp/libg.a(lib_a-strtol.o)
                0x0000000000006628                strtol_l
 .text.strtol   0x0000000000006640       0x18 /home/kunal/ti/ccs1260/ccs/tools/compiler/gcc-arm-none-eabi-9-2019-q4-major/bin/../lib/gcc/arm-none-eabi/9.2.1/../../../../arm-none-eabi/lib/thumb/v7e-m/nofp/libg.a(lib_a-strtol.o)
                0x0000000000006640                strtol
 .text._strtoll_l.isra.0
                0x0000000000006658      0x17c /home/kunal/ti/ccs1260/ccs/tools/compiler/gcc-arm-none-eabi-9-2019-q4-major/bin/../lib/gcc/arm-none-eabi/9.2.1/../../../../arm-none-eabi/lib/thumb/v7e-m/nofp/libg.a(lib_a-strtoll.o)
 .text._strtoll_r
                0x00000000000067d4        0x4 /home/kunal/ti/ccs1260/ccs/tools/compiler/gcc-arm-none-eabi-9-2019-q4-major/bin/../lib/gcc/arm-none-eabi/9.2.1/../../../../arm-none-eabi/lib/thumb/v7e-m/nofp/libg.a(lib_a-strtoll.o)
                0x00000000000067d4                _strtoll_r
 .text.strtoll_l
                0x00000000000067d8       0x18 /home/kunal/ti/ccs1260/ccs/tools/compiler/gcc-arm-none-eabi-9-2019-q4-major/bin/../lib/gcc/arm-none-eabi/9.2.1/../../../../arm-none-eabi/lib/thumb/v7e-m/nofp/libg.a(lib_a-strtoll.o)
                0x00000000000067d8                strtoll_l
 .text.strtoll  0x00000000000067f0       0x18 /home/kunal/ti/ccs1260/ccs/tools/compiler/gcc-arm-none-eabi-9-2019-q4-major/bin/../lib/gcc/arm-none-eabi/9.2.1/../../../../arm-none-eabi/lib/thumb/v7e-m/nofp/libg.a(lib_a-strtoll.o)
                0x00000000000067f0                strtoll
 .text._strtoul_l.isra.0
                0x0000000000006808      0x13c /home/kunal/ti/ccs1260/ccs/tools/compiler/gcc-arm-none-eabi-9-2019-q4-major/bin/../lib/gcc/arm-none-eabi/9.2.1/../../../../arm-none-eabi/lib/thumb/v7e-m/nofp/libg.a(lib_a-strtoul.o)
 .text._strtoul_r
                0x0000000000006944        0x4 /home/kunal/ti/ccs1260/ccs/tools/compiler/gcc-arm-none-eabi-9-2019-q4-major/bin/../lib/gcc/arm-none-eabi/9.2.1/../../../../arm-none-eabi/lib/thumb/v7e-m/nofp/libg.a(lib_a-strtoul.o)
                0x0000000000006944                _strtoul_r
 .text.strtoul_l
                0x0000000000006948       0x18 /home/kunal/ti/ccs1260/ccs/tools/compiler/gcc-arm-none-eabi-9-2019-q4-major/bin/../lib/gcc/arm-none-eabi/9.2.1/../../../../arm-none-eabi/lib/thumb/v7e-m/nofp/libg.a(lib_a-strtoul.o)
                0x0000000000006948                strtoul_l
 .text.strtoul  0x0000000000006960       0x18 /home/kunal/ti/ccs1260/ccs/tools/compiler/gcc-arm-none-eabi-9-2019-q4-major/bin/../lib/gcc/arm-none-eabi/9.2.1/../../../../arm-none-eabi/lib/thumb/v7e-m/nofp/libg.a(lib_a-strtoul.o)
                0x0000000000006960                strtoul
 .text._strtoull_l.isra.0
                0x0000000000006978      0x1b8 /home/kunal/ti/ccs1260/ccs/tools/compiler/gcc-arm-none-eabi-9-2019-q4-major/bin/../lib/gcc/arm-none-eabi/9.2.1/../../../../arm-none-eabi/lib/thumb/v7e-m/nofp/libg.a(lib_a-strtoull.o)
 .text._strtoull_r
                0x0000000000006b30        0x4 /home/kunal/ti/ccs1260/ccs/tools/compiler/gcc-arm-none-eabi-9-2019-q4-major/bin/../lib/gcc/arm-none-eabi/9.2.1/../../../../arm-none-eabi/lib/thumb/v7e-m/nofp/libg.a(lib_a-strtoull.o)
                0x0000000000006b30                _strtoull_r
 .text.strtoull_l
                0x0000000000006b34       0x18 /home/kunal/ti/ccs1260/ccs/tools/compiler/gcc-arm-none-eabi-9-2019-q4-major/bin/../lib/gcc/arm-none-eabi/9.2.1/../../../../arm-none-eabi/lib/thumb/v7e-m/nofp/libg.a(lib_a-strtoull.o)
                0x0000000000006b34                strtoull_l
 .text.strtoull
                0x0000000000006b4c       0x18 /home/kunal/ti/ccs1260/ccs/tools/compiler/gcc-arm-none-eabi-9-2019-q4-major/bin/../lib/gcc/arm-none-eabi/9.2.1/../../../../arm-none-eabi/lib/thumb/v7e-m/nofp/libg.a(lib_a-strtoull.o)
                0x0000000000006b4c                strtoull
 .text._sungetc_r
                0x0000000000006b64       0x80 /home/kunal/ti/ccs1260/ccs/tools/compiler/gcc-arm-none-eabi-9-2019-q4-major/bin/../lib/gcc/arm-none-eabi/9.2.1/../../../../arm-none-eabi/lib/thumb/v7e-m/nofp/libg.a(lib_a-svfiscanf.o)
                0x0000000000006b64                _sungetc_r
 .text.__ssrefill_r
                0x0000000000006be4       0x3c /home/kunal/ti/ccs1260/ccs/tools/compiler/gcc-arm-none-eabi-9-2019-q4-major/bin/../lib/gcc/arm-none-eabi/9.2.1/../../../../arm-none-eabi/lib/thumb/v7e-m/nofp/libg.a(lib_a-svfiscanf.o)
                0x0000000000006be4                __ssrefill_r
 .text._sfread_r
                0x0000000000006c20       0x7c /home/kunal/ti/ccs1260/ccs/tools/compiler/gcc-arm-none-eabi-9-2019-q4-major/bin/../lib/gcc/arm-none-eabi/9.2.1/../../../../arm-none-eabi/lib/thumb/v7e-m/nofp/libg.a(lib_a-svfiscanf.o)
                0x0000000000006c20                _sfread_r
 .text.__ssvfiscanf_r
                0x0000000000006c9c     0x1258 /home/kunal/ti/ccs1260/ccs/tools/compiler/gcc-arm-none-eabi-9-2019-q4-major/bin/../lib/gcc/arm-none-eabi/9.2.1/../../../../arm-none-eabi/lib/thumb/v7e-m/nofp/libg.a(lib_a-svfiscanf.o)
                0x0000000000006c9c                __ssvfiscanf_r
 .text._svfprintf_r
                0x0000000000007ef4     0x1acc /home/kunal/ti/ccs1260/ccs/tools/compiler/gcc-arm-none-eabi-9-2019-q4-major/bin/../lib/gcc/arm-none-eabi/9.2.1/../../../../arm-none-eabi/lib/thumb/v7e-m/nofp/libg.a(lib_a-svfprintf.o)
                0x0000000000007ef4                _svfprintf_r
 .text.__submore
                0x00000000000099c0       0x78 /home/kunal/ti/ccs1260/ccs/tools/compiler/gcc-arm-none-eabi-9-2019-q4-major/bin/../lib/gcc/arm-none-eabi/9.2.1/../../../../arm-none-eabi/lib/thumb/v7e-m/nofp/libg.a(lib_a-ungetc.o)
                0x00000000000099c0                __submore
 .text._ungetc_r
                0x0000000000009a38      0x13c /home/kunal/ti/ccs1260/ccs/tools/compiler/gcc-arm-none-eabi-9-2019-q4-major/bin/../lib/gcc/arm-none-eabi/9.2.1/../../../../arm-none-eabi/lib/thumb/v7e-m/nofp/libg.a(lib_a-ungetc.o)
                0x0000000000009a38                _ungetc_r
 .text.ungetc   0x0000000000009b74       0x10 /home/kunal/ti/ccs1260/ccs/tools/compiler/gcc-arm-none-eabi-9-2019-q4-major/bin/../lib/gcc/arm-none-eabi/9.2.1/../../../../arm-none-eabi/lib/thumb/v7e-m/nofp/libg.a(lib_a-ungetc.o)
                0x0000000000009b74                ungetc
 .text._wctomb_r
                0x0000000000009b84       0x14 /home/kunal/ti/ccs1260/ccs/tools/compiler/gcc-arm-none-eabi-9-2019-q4-major/bin/../lib/gcc/arm-none-eabi/9.2.1/../../../../arm-none-eabi/lib/thumb/v7e-m/nofp/libg.a(lib_a-wctomb_r.o)
                0x0000000000009b84                _wctomb_r
 .text.__ascii_wctomb
                0x0000000000009b98       0x1c /home/kunal/ti/ccs1260/ccs/tools/compiler/gcc-arm-none-eabi-9-2019-q4-major/bin/../lib/gcc/arm-none-eabi/9.2.1/../../../../arm-none-eabi/lib/thumb/v7e-m/nofp/libg.a(lib_a-wctomb_r.o)
                0x0000000000009b98                __ascii_wctomb
 .text.__register_exitproc
                0x0000000000009bb4       0x8c /home/kunal/ti/ccs1260/ccs/tools/compiler/gcc-arm-none-eabi-9-2019-q4-major/bin/../lib/gcc/arm-none-eabi/9.2.1/../../../../arm-none-eabi/lib/thumb/v7e-m/nofp/libg.a(lib_a-__atexit.o)
                0x0000000000009bb4                __register_exitproc
 .text.quorem   0x0000000000009c40      0x11c /home/kunal/ti/ccs1260/ccs/tools/compiler/gcc-arm-none-eabi-9-2019-q4-major/bin/../lib/gcc/arm-none-eabi/9.2.1/../../../../arm-none-eabi/lib/thumb/v7e-m/nofp/libg.a(lib_a-dtoa.o)
 *fill*         0x0000000000009d5c        0x4 
 .text._dtoa_r  0x0000000000009d60      0xeb8 /home/kunal/ti/ccs1260/ccs/tools/compiler/gcc-arm-none-eabi-9-2019-q4-major/bin/../lib/gcc/arm-none-eabi/9.2.1/../../../../arm-none-eabi/lib/thumb/v7e-m/nofp/libg.a(lib_a-dtoa.o)
                0x0000000000009d60                _dtoa_r
 .text.__sflush_r
                0x000000000000ac18      0x130 /home/kunal/ti/ccs1260/ccs/tools/compiler/gcc-arm-none-eabi-9-2019-q4-major/bin/../lib/gcc/arm-none-eabi/9.2.1/../../../../arm-none-eabi/lib/thumb/v7e-m/nofp/libg.a(lib_a-fflush.o)
                0x000000000000ac18                __sflush_r
 .text._fflush_r
                0x000000000000ad48       0x5c /home/kunal/ti/ccs1260/ccs/tools/compiler/gcc-arm-none-eabi-9-2019-q4-major/bin/../lib/gcc/arm-none-eabi/9.2.1/../../../../arm-none-eabi/lib/thumb/v7e-m/nofp/libg.a(lib_a-fflush.o)
                0x000000000000ad48                _fflush_r
 .text.fflush   0x000000000000ada4       0x24 /home/kunal/ti/ccs1260/ccs/tools/compiler/gcc-arm-none-eabi-9-2019-q4-major/bin/../lib/gcc/arm-none-eabi/9.2.1/../../../../arm-none-eabi/lib/thumb/v7e-m/nofp/libg.a(lib_a-fflush.o)
                0x000000000000ada4                fflush
 .text.std      0x000000000000adc8       0x50 /home/kunal/ti/ccs1260/ccs/tools/compiler/gcc-arm-none-eabi-9-2019-q4-major/bin/../lib/gcc/arm-none-eabi/9.2.1/../../../../arm-none-eabi/lib/thumb/v7e-m/nofp/libg.a(lib_a-findfp.o)
 .text._cleanup_r
                0x000000000000ae18        0xc /home/kunal/ti/ccs1260/ccs/tools/compiler/gcc-arm-none-eabi-9-2019-q4-major/bin/../lib/gcc/arm-none-eabi/9.2.1/../../../../arm-none-eabi/lib/thumb/v7e-m/nofp/libg.a(lib_a-findfp.o)
                0x000000000000ae18                _cleanup_r
 .text.__fp_lock
                0x000000000000ae24       0x1c /home/kunal/ti/ccs1260/ccs/tools/compiler/gcc-arm-none-eabi-9-2019-q4-major/bin/../lib/gcc/arm-none-eabi/9.2.1/../../../../arm-none-eabi/lib/thumb/v7e-m/nofp/libg.a(lib_a-findfp.o)
 .text.__fp_unlock
                0x000000000000ae40       0x1c /home/kunal/ti/ccs1260/ccs/tools/compiler/gcc-arm-none-eabi-9-2019-q4-major/bin/../lib/gcc/arm-none-eabi/9.2.1/../../../../arm-none-eabi/lib/thumb/v7e-m/nofp/libg.a(lib_a-findfp.o)
 .text.__sfmoreglue
                0x000000000000ae5c       0x30 /home/kunal/ti/ccs1260/ccs/tools/compiler/gcc-arm-none-eabi-9-2019-q4-major/bin/../lib/gcc/arm-none-eabi/9.2.1/../../../../arm-none-eabi/lib/thumb/v7e-m/nofp/libg.a(lib_a-findfp.o)
                0x000000000000ae5c                __sfmoreglue
 .text._cleanup
                0x000000000000ae8c       0x14 /home/kunal/ti/ccs1260/ccs/tools/compiler/gcc-arm-none-eabi-9-2019-q4-major/bin/../lib/gcc/arm-none-eabi/9.2.1/../../../../arm-none-eabi/lib/thumb/v7e-m/nofp/libg.a(lib_a-findfp.o)
                0x000000000000ae8c                _cleanup
 .text.__sinit  0x000000000000aea0       0x54 /home/kunal/ti/ccs1260/ccs/tools/compiler/gcc-arm-none-eabi-9-2019-q4-major/bin/../lib/gcc/arm-none-eabi/9.2.1/../../../../arm-none-eabi/lib/thumb/v7e-m/nofp/libg.a(lib_a-findfp.o)
                0x000000000000aea0                __sinit
 .text.__sfp    0x000000000000aef4       0xa4 /home/kunal/ti/ccs1260/ccs/tools/compiler/gcc-arm-none-eabi-9-2019-q4-major/bin/../lib/gcc/arm-none-eabi/9.2.1/../../../../arm-none-eabi/lib/thumb/v7e-m/nofp/libg.a(lib_a-findfp.o)
                0x000000000000aef4                __sfp
 .text.__sfp_lock_acquire
                0x000000000000af98        0xc /home/kunal/ti/ccs1260/ccs/tools/compiler/gcc-arm-none-eabi-9-2019-q4-major/bin/../lib/gcc/arm-none-eabi/9.2.1/../../../../arm-none-eabi/lib/thumb/v7e-m/nofp/libg.a(lib_a-findfp.o)
                0x000000000000af98                __sfp_lock_acquire
 .text.__sfp_lock_release
                0x000000000000afa4        0xc /home/kunal/ti/ccs1260/ccs/tools/compiler/gcc-arm-none-eabi-9-2019-q4-major/bin/../lib/gcc/arm-none-eabi/9.2.1/../../../../arm-none-eabi/lib/thumb/v7e-m/nofp/libg.a(lib_a-findfp.o)
                0x000000000000afa4                __sfp_lock_release
 .text.__sinit_lock_acquire
                0x000000000000afb0        0xc /home/kunal/ti/ccs1260/ccs/tools/compiler/gcc-arm-none-eabi-9-2019-q4-major/bin/../lib/gcc/arm-none-eabi/9.2.1/../../../../arm-none-eabi/lib/thumb/v7e-m/nofp/libg.a(lib_a-findfp.o)
                0x000000000000afb0                __sinit_lock_acquire
 .text.__sinit_lock_release
                0x000000000000afbc        0xc /home/kunal/ti/ccs1260/ccs/tools/compiler/gcc-arm-none-eabi-9-2019-q4-major/bin/../lib/gcc/arm-none-eabi/9.2.1/../../../../arm-none-eabi/lib/thumb/v7e-m/nofp/libg.a(lib_a-findfp.o)
                0x000000000000afbc                __sinit_lock_release
 .text.__fp_lock_all
                0x000000000000afc8       0x24 /home/kunal/ti/ccs1260/ccs/tools/compiler/gcc-arm-none-eabi-9-2019-q4-major/bin/../lib/gcc/arm-none-eabi/9.2.1/../../../../arm-none-eabi/lib/thumb/v7e-m/nofp/libg.a(lib_a-findfp.o)
                0x000000000000afc8                __fp_lock_all
 .text.__fp_unlock_all
                0x000000000000afec       0x24 /home/kunal/ti/ccs1260/ccs/tools/compiler/gcc-arm-none-eabi-9-2019-q4-major/bin/../lib/gcc/arm-none-eabi/9.2.1/../../../../arm-none-eabi/lib/thumb/v7e-m/nofp/libg.a(lib_a-findfp.o)
                0x000000000000afec                __fp_unlock_all
 .text._malloc_trim_r
                0x000000000000b010       0xa0 /home/kunal/ti/ccs1260/ccs/tools/compiler/gcc-arm-none-eabi-9-2019-q4-major/bin/../lib/gcc/arm-none-eabi/9.2.1/../../../../arm-none-eabi/lib/thumb/v7e-m/nofp/libg.a(lib_a-freer.o)
                0x000000000000b010                _malloc_trim_r
 .text._free_r  0x000000000000b0b0      0x208 /home/kunal/ti/ccs1260/ccs/tools/compiler/gcc-arm-none-eabi-9-2019-q4-major/bin/../lib/gcc/arm-none-eabi/9.2.1/../../../../arm-none-eabi/lib/thumb/v7e-m/nofp/libg.a(lib_a-freer.o)
                0x000000000000b0b0                _free_r
 .text._fwalk   0x000000000000b2b8       0x40 /home/kunal/ti/ccs1260/ccs/tools/compiler/gcc-arm-none-eabi-9-2019-q4-major/bin/../lib/gcc/arm-none-eabi/9.2.1/../../../../arm-none-eabi/lib/thumb/v7e-m/nofp/libg.a(lib_a-fwalk.o)
                0x000000000000b2b8                _fwalk
 .text._fwalk_reent
                0x000000000000b2f8       0x48 /home/kunal/ti/ccs1260/ccs/tools/compiler/gcc-arm-none-eabi-9-2019-q4-major/bin/../lib/gcc/arm-none-eabi/9.2.1/../../../../arm-none-eabi/lib/thumb/v7e-m/nofp/libg.a(lib_a-fwalk.o)
                0x000000000000b2f8                _fwalk_reent
 .text.rshift   0x000000000000b340       0xa4 /home/kunal/ti/ccs1260/ccs/tools/compiler/gcc-arm-none-eabi-9-2019-q4-major/bin/../lib/gcc/arm-none-eabi/9.2.1/../../../../arm-none-eabi/lib/thumb/v7e-m/nofp/libg.a(lib_a-gdtoa-gethex.o)
 .text.__gethex
                0x000000000000b3e4      0x520 /home/kunal/ti/ccs1260/ccs/tools/compiler/gcc-arm-none-eabi-9-2019-q4-major/bin/../lib/gcc/arm-none-eabi/9.2.1/../../../../arm-none-eabi/lib/thumb/v7e-m/nofp/libg.a(lib_a-gdtoa-gethex.o)
                0x000000000000b3e4                __gethex
 .text.__match  0x000000000000b904       0x30 /home/kunal/ti/ccs1260/ccs/tools/compiler/gcc-arm-none-eabi-9-2019-q4-major/bin/../lib/gcc/arm-none-eabi/9.2.1/../../../../arm-none-eabi/lib/thumb/v7e-m/nofp/libg.a(lib_a-gdtoa-hexnan.o)
                0x000000000000b904                __match
 .text.__hexnan
                0x000000000000b934      0x1a4 /home/kunal/ti/ccs1260/ccs/tools/compiler/gcc-arm-none-eabi-9-2019-q4-major/bin/../lib/gcc/arm-none-eabi/9.2.1/../../../../arm-none-eabi/lib/thumb/v7e-m/nofp/libg.a(lib_a-gdtoa-hexnan.o)
                0x000000000000b934                __hexnan
 .text.__numeric_load_locale
                0x000000000000bad8        0x4 /home/kunal/ti/ccs1260/ccs/tools/compiler/gcc-arm-none-eabi-9-2019-q4-major/bin/../lib/gcc/arm-none-eabi/9.2.1/../../../../arm-none-eabi/lib/thumb/v7e-m/nofp/libg.a(lib_a-lnumeric.o)
                0x000000000000bad8                __numeric_load_locale
 .text.memmove  0x000000000000badc       0xd8 /home/kunal/ti/ccs1260/ccs/tools/compiler/gcc-arm-none-eabi-9-2019-q4-major/bin/../lib/gcc/arm-none-eabi/9.2.1/../../../../arm-none-eabi/lib/thumb/v7e-m/nofp/libg.a(lib_a-memmove.o)
                0x000000000000badc                memmove
 .text._Balloc  0x000000000000bbb4       0x4c /home/kunal/ti/ccs1260/ccs/tools/compiler/gcc-arm-none-eabi-9-2019-q4-major/bin/../lib/gcc/arm-none-eabi/9.2.1/../../../../arm-none-eabi/lib/thumb/v7e-m/nofp/libg.a(lib_a-mprec.o)
                0x000000000000bbb4                _Balloc
 .text._Bfree   0x000000000000bc00       0x14 /home/kunal/ti/ccs1260/ccs/tools/compiler/gcc-arm-none-eabi-9-2019-q4-major/bin/../lib/gcc/arm-none-eabi/9.2.1/../../../../arm-none-eabi/lib/thumb/v7e-m/nofp/libg.a(lib_a-mprec.o)
                0x000000000000bc00                _Bfree
 .text.__multadd
                0x000000000000bc14       0x80 /home/kunal/ti/ccs1260/ccs/tools/compiler/gcc-arm-none-eabi-9-2019-q4-major/bin/../lib/gcc/arm-none-eabi/9.2.1/../../../../arm-none-eabi/lib/thumb/v7e-m/nofp/libg.a(lib_a-mprec.o)
                0x000000000000bc14                __multadd
 .text.__s2b    0x000000000000bc94       0xa0 /home/kunal/ti/ccs1260/ccs/tools/compiler/gcc-arm-none-eabi-9-2019-q4-major/bin/../lib/gcc/arm-none-eabi/9.2.1/../../../../arm-none-eabi/lib/thumb/v7e-m/nofp/libg.a(lib_a-mprec.o)
                0x000000000000bc94                __s2b
 .text.__hi0bits
                0x000000000000bd34       0x40 /home/kunal/ti/ccs1260/ccs/tools/compiler/gcc-arm-none-eabi-9-2019-q4-major/bin/../lib/gcc/arm-none-eabi/9.2.1/../../../../arm-none-eabi/lib/thumb/v7e-m/nofp/libg.a(lib_a-mprec.o)
                0x000000000000bd34                __hi0bits
 .text.__lo0bits
                0x000000000000bd74       0x60 /home/kunal/ti/ccs1260/ccs/tools/compiler/gcc-arm-none-eabi-9-2019-q4-major/bin/../lib/gcc/arm-none-eabi/9.2.1/../../../../arm-none-eabi/lib/thumb/v7e-m/nofp/libg.a(lib_a-mprec.o)
                0x000000000000bd74                __lo0bits
 .text.__i2b    0x000000000000bdd4       0x14 /home/kunal/ti/ccs1260/ccs/tools/compiler/gcc-arm-none-eabi-9-2019-q4-major/bin/../lib/gcc/arm-none-eabi/9.2.1/../../../../arm-none-eabi/lib/thumb/v7e-m/nofp/libg.a(lib_a-mprec.o)
                0x000000000000bdd4                __i2b
 .text.__multiply
                0x000000000000bde8      0x144 /home/kunal/ti/ccs1260/ccs/tools/compiler/gcc-arm-none-eabi-9-2019-q4-major/bin/../lib/gcc/arm-none-eabi/9.2.1/../../../../arm-none-eabi/lib/thumb/v7e-m/nofp/libg.a(lib_a-mprec.o)
                0x000000000000bde8                __multiply
 .text.__pow5mult
                0x000000000000bf2c       0xa0 /home/kunal/ti/ccs1260/ccs/tools/compiler/gcc-arm-none-eabi-9-2019-q4-major/bin/../lib/gcc/arm-none-eabi/9.2.1/../../../../arm-none-eabi/lib/thumb/v7e-m/nofp/libg.a(lib_a-mprec.o)
                0x000000000000bf2c                __pow5mult
 .text.__lshift
                0x000000000000bfcc       0xd4 /home/kunal/ti/ccs1260/ccs/tools/compiler/gcc-arm-none-eabi-9-2019-q4-major/bin/../lib/gcc/arm-none-eabi/9.2.1/../../../../arm-none-eabi/lib/thumb/v7e-m/nofp/libg.a(lib_a-mprec.o)
                0x000000000000bfcc                __lshift
 .text.__mcmp   0x000000000000c0a0       0x3c /home/kunal/ti/ccs1260/ccs/tools/compiler/gcc-arm-none-eabi-9-2019-q4-major/bin/../lib/gcc/arm-none-eabi/9.2.1/../../../../arm-none-eabi/lib/thumb/v7e-m/nofp/libg.a(lib_a-mprec.o)
                0x000000000000c0a0                __mcmp
 .text.__mdiff  0x000000000000c0dc      0x138 /home/kunal/ti/ccs1260/ccs/tools/compiler/gcc-arm-none-eabi-9-2019-q4-major/bin/../lib/gcc/arm-none-eabi/9.2.1/../../../../arm-none-eabi/lib/thumb/v7e-m/nofp/libg.a(lib_a-mprec.o)
                0x000000000000c0dc                __mdiff
 .text.__ulp    0x000000000000c214       0x44 /home/kunal/ti/ccs1260/ccs/tools/compiler/gcc-arm-none-eabi-9-2019-q4-major/bin/../lib/gcc/arm-none-eabi/9.2.1/../../../../arm-none-eabi/lib/thumb/v7e-m/nofp/libg.a(lib_a-mprec.o)
                0x000000000000c214                __ulp
 .text.__b2d    0x000000000000c258       0xcc /home/kunal/ti/ccs1260/ccs/tools/compiler/gcc-arm-none-eabi-9-2019-q4-major/bin/../lib/gcc/arm-none-eabi/9.2.1/../../../../arm-none-eabi/lib/thumb/v7e-m/nofp/libg.a(lib_a-mprec.o)
                0x000000000000c258                __b2d
 .text.__d2b    0x000000000000c324       0xa8 /home/kunal/ti/ccs1260/ccs/tools/compiler/gcc-arm-none-eabi-9-2019-q4-major/bin/../lib/gcc/arm-none-eabi/9.2.1/../../../../arm-none-eabi/lib/thumb/v7e-m/nofp/libg.a(lib_a-mprec.o)
                0x000000000000c324                __d2b
 .text.__ratio  0x000000000000c3cc       0x60 /home/kunal/ti/ccs1260/ccs/tools/compiler/gcc-arm-none-eabi-9-2019-q4-major/bin/../lib/gcc/arm-none-eabi/9.2.1/../../../../arm-none-eabi/lib/thumb/v7e-m/nofp/libg.a(lib_a-mprec.o)
                0x000000000000c3cc                __ratio
 .text._mprec_log10
                0x000000000000c42c       0x38 /home/kunal/ti/ccs1260/ccs/tools/compiler/gcc-arm-none-eabi-9-2019-q4-major/bin/../lib/gcc/arm-none-eabi/9.2.1/../../../../arm-none-eabi/lib/thumb/v7e-m/nofp/libg.a(lib_a-mprec.o)
                0x000000000000c42c                _mprec_log10
 .text.__copybits
                0x000000000000c464       0x48 /home/kunal/ti/ccs1260/ccs/tools/compiler/gcc-arm-none-eabi-9-2019-q4-major/bin/../lib/gcc/arm-none-eabi/9.2.1/../../../../arm-none-eabi/lib/thumb/v7e-m/nofp/libg.a(lib_a-mprec.o)
                0x000000000000c464                __copybits
 .text.__any_on
                0x000000000000c4ac       0x60 /home/kunal/ti/ccs1260/ccs/tools/compiler/gcc-arm-none-eabi-9-2019-q4-major/bin/../lib/gcc/arm-none-eabi/9.2.1/../../../../arm-none-eabi/lib/thumb/v7e-m/nofp/libg.a(lib_a-mprec.o)
                0x000000000000c4ac                __any_on
 .text.frexp    0x000000000000c50c       0x70 /home/kunal/ti/ccs1260/ccs/tools/compiler/gcc-arm-none-eabi-9-2019-q4-major/bin/../lib/gcc/arm-none-eabi/9.2.1/../../../../arm-none-eabi/lib/thumb/v7e-m/nofp/libg.a(lib_a-s_frexp.o)
                0x000000000000c50c                frexp
 .text.nan      0x000000000000c57c        0xc /home/kunal/ti/ccs1260/ccs/tools/compiler/gcc-arm-none-eabi-9-2019-q4-major/bin/../lib/gcc/arm-none-eabi/9.2.1/../../../../arm-none-eabi/lib/thumb/v7e-m/nofp/libg.a(lib_a-s_nan.o)
                0x000000000000c57c                nan
 .text.strncmp  0x000000000000c588       0x7c /home/kunal/ti/ccs1260/ccs/tools/compiler/gcc-arm-none-eabi-9-2019-q4-major/bin/../lib/gcc/arm-none-eabi/9.2.1/../../../../arm-none-eabi/lib/thumb/v7e-m/nofp/libg.a(lib_a-strncmp.o)
                0x000000000000c588                strncmp
 .text.strncpy  0x000000000000c604       0x68 /home/kunal/ti/ccs1260/ccs/tools/compiler/gcc-arm-none-eabi-9-2019-q4-major/bin/../lib/gcc/arm-none-eabi/9.2.1/../../../../arm-none-eabi/lib/thumb/v7e-m/nofp/libg.a(lib_a-strncpy.o)
                0x000000000000c604                strncpy
 .text.__ssprint_r
                0x000000000000c66c       0xf8 /home/kunal/ti/ccs1260/ccs/tools/compiler/gcc-arm-none-eabi-9-2019-q4-major/bin/../lib/gcc/arm-none-eabi/9.2.1/../../../../arm-none-eabi/lib/thumb/v7e-m/nofp/libg.a(lib_a-svfiprintf.o)
                0x000000000000c66c                __ssprint_r
 .text._svfiprintf_r
                0x000000000000c764      0xb14 /home/kunal/ti/ccs1260/ccs/tools/compiler/gcc-arm-none-eabi-9-2019-q4-major/bin/../lib/gcc/arm-none-eabi/9.2.1/../../../../arm-none-eabi/lib/thumb/v7e-m/nofp/libg.a(lib_a-svfiprintf.o)
                0x000000000000c764                _svfiprintf_r
 .text._calloc_r
                0x000000000000d278       0x60 /home/kunal/ti/ccs1260/ccs/tools/compiler/gcc-arm-none-eabi-9-2019-q4-major/bin/../lib/gcc/arm-none-eabi/9.2.1/../../../../arm-none-eabi/lib/thumb/v7e-m/nofp/libg.a(lib_a-callocr.o)
                0x000000000000d278                _calloc_r
 .text._fclose_r
                0x000000000000d2d8       0xcc /home/kunal/ti/ccs1260/ccs/tools/compiler/gcc-arm-none-eabi-9-2019-q4-major/bin/../lib/gcc/arm-none-eabi/9.2.1/../../../../arm-none-eabi/lib/thumb/v7e-m/nofp/libg.a(lib_a-fclose.o)
                0x000000000000d2d8                _fclose_r
 .text.fclose   0x000000000000d3a4       0x10 /home/kunal/ti/ccs1260/ccs/tools/compiler/gcc-arm-none-eabi-9-2019-q4-major/bin/../lib/gcc/arm-none-eabi/9.2.1/../../../../arm-none-eabi/lib/thumb/v7e-m/nofp/libg.a(lib_a-fclose.o)
                0x000000000000d3a4                fclose
 .text._close   0x000000000000d3b4       0x10 /home/kunal/ti/ccs1260/ccs/tools/compiler/gcc-arm-none-eabi-9-2019-q4-major/bin/../lib/gcc/arm-none-eabi/9.2.1/../../../../arm-none-eabi/lib/thumb/v7e-m/nofp/libnosys.a(close.o)
                0x000000000000d3b4                _close
 .text._lseek   0x000000000000d3c4       0x10 /home/kunal/ti/ccs1260/ccs/tools/compiler/gcc-arm-none-eabi-9-2019-q4-major/bin/../lib/gcc/arm-none-eabi/9.2.1/../../../../arm-none-eabi/lib/thumb/v7e-m/nofp/libnosys.a(lseek.o)
                0x000000000000d3c4                _lseek
 .text._read    0x000000000000d3d4       0x10 /home/kunal/ti/ccs1260/ccs/tools/compiler/gcc-arm-none-eabi-9-2019-q4-major/bin/../lib/gcc/arm-none-eabi/9.2.1/../../../../arm-none-eabi/lib/thumb/v7e-m/nofp/libnosys.a(read.o)
                0x000000000000d3d4                _read
 .text._sbrk    0x000000000000d3e4       0x1c /home/kunal/ti/ccs1260/ccs/tools/compiler/gcc-arm-none-eabi-9-2019-q4-major/bin/../lib/gcc/arm-none-eabi/9.2.1/../../../../arm-none-eabi/lib/thumb/v7e-m/nofp/libnosys.a(sbrk.o)
                0x000000000000d3e4                _sbrk
 .text._write   0x000000000000d400       0x10 /home/kunal/ti/ccs1260/ccs/tools/compiler/gcc-arm-none-eabi-9-2019-q4-major/bin/../lib/gcc/arm-none-eabi/9.2.1/../../../../arm-none-eabi/lib/thumb/v7e-m/nofp/libnosys.a(write.o)
                0x000000000000d400                _write
 .text._exit    0x000000000000d410        0x4 /home/kunal/ti/ccs1260/ccs/tools/compiler/gcc-arm-none-eabi-9-2019-q4-major/bin/../lib/gcc/arm-none-eabi/9.2.1/../../../../arm-none-eabi/lib/thumb/v7e-m/nofp/libnosys.a(_exit.o)
                0x000000000000d410                _exit
                0x000000000000d414                . = ALIGN (0x4)
 *(.ctors)
                0x000000000000d414                . = ALIGN (0x4)
 *(.dtors)
                0x000000000000d414                . = ALIGN (0x4)
                0x000000000000d414                __init_array_start = .
 *(.init_array*)
 .init_array    0x000000000000d414        0x4 /home/kunal/ti/ccs1260/ccs/tools/compiler/gcc-arm-none-eabi-9-2019-q4-major/bin/../lib/gcc/arm-none-eabi/9.2.1/thumb/v7e-m/nofp/crtbegin.o
 .init_array.00000
                0x000000000000d418        0x4 /home/kunal/ti/ccs1260/ccs/tools/compiler/gcc-arm-none-eabi-9-2019-q4-major/bin/../lib/gcc/arm-none-eabi/9.2.1/../../../../arm-none-eabi/lib/thumb/v7e-m/nofp/libg.a(lib_a-__call_atexit.o)
                0x000000000000d41c                __init_array_end = .
 *(.init)
 .init          0x000000000000d41c        0x4 /home/kunal/ti/ccs1260/ccs/tools/compiler/gcc-arm-none-eabi-9-2019-q4-major/bin/../lib/gcc/arm-none-eabi/9.2.1/thumb/v7e-m/nofp/crti.o
                0x000000000000d41c                _init
 .init          0x000000000000d420        0x8 /home/kunal/ti/ccs1260/ccs/tools/compiler/gcc-arm-none-eabi-9-2019-q4-major/bin/../lib/gcc/arm-none-eabi/9.2.1/thumb/v7e-m/nofp/crtn.o
 *(.fini*)
 .fini          0x000000000000d428        0x4 /home/kunal/ti/ccs1260/ccs/tools/compiler/gcc-arm-none-eabi-9-2019-q4-major/bin/../lib/gcc/arm-none-eabi/9.2.1/thumb/v7e-m/nofp/crti.o
                0x000000000000d428                _fini
 .fini_array    0x000000000000d42c        0x4 /home/kunal/ti/ccs1260/ccs/tools/compiler/gcc-arm-none-eabi-9-2019-q4-major/bin/../lib/gcc/arm-none-eabi/9.2.1/thumb/v7e-m/nofp/crtbegin.o
 .fini          0x000000000000d430        0x8 /home/kunal/ti/ccs1260/ccs/tools/compiler/gcc-arm-none-eabi-9-2019-q4-major/bin/../lib/gcc/arm-none-eabi/9.2.1/thumb/v7e-m/nofp/crtn.o
                [!provide]                        PROVIDE (__etext = .)
                [!provide]                        PROVIDE (_etext = .)
                [!provide]                        PROVIDE (etext = .)

.glue_7         0x000000000000d438        0x0
 .glue_7        0x000000000000d438        0x0 linker stubs

.glue_7t        0x000000000000d438        0x0
 .glue_7t       0x000000000000d438        0x0 linker stubs

.vfp11_veneer   0x000000000000d438        0x0
 .vfp11_veneer  0x000000000000d438        0x0 linker stubs

.v4_bx          0x000000000000d438        0x0
 .v4_bx         0x000000000000d438        0x0 linker stubs

.iplt           0x000000000000d438        0x0
 .iplt          0x000000000000d438        0x0 /home/kunal/ti/ccs1260/ccs/tools/compiler/gcc-arm-none-eabi-9-2019-q4-major/bin/../lib/gcc/arm-none-eabi/9.2.1/thumb/v7e-m/nofp/crtbegin.o

.rodata         0x000000000000d438      0x5ec
 *(.rodata)
 .rodata        0x000000000000d438      0x134 ./main.o
 .rodata        0x000000000000d56c       0x10 ./segment7.o
 .rodata        0x000000000000d57c       0x11 ./uart.o
 *(.rodata*)
 *fill*         0x000000000000d58d        0x3 
 .rodata._global_impure_ptr
                0x000000000000d590        0x4 /home/kunal/ti/ccs1260/ccs/tools/compiler/gcc-arm-none-eabi-9-2019-q4-major/bin/../lib/gcc/arm-none-eabi/9.2.1/../../../../arm-none-eabi/lib/thumb/v7e-m/nofp/libg.a(lib_a-impure.o)
                0x000000000000d590                _global_impure_ptr
 .rodata.__ssvfscanf_r.str1.4
                0x000000000000d594        0x5 /home/kunal/ti/ccs1260/ccs/tools/compiler/gcc-arm-none-eabi-9-2019-q4-major/bin/../lib/gcc/arm-none-eabi/9.2.1/../../../../arm-none-eabi/lib/thumb/v7e-m/nofp/libg.a(lib_a-svfscanf.o)
                                          0x9 (size before relaxing)
 *fill*         0x000000000000d599        0x3 
 .rodata.basefix.7414
                0x000000000000d59c       0x22 /home/kunal/ti/ccs1260/ccs/tools/compiler/gcc-arm-none-eabi-9-2019-q4-major/bin/../lib/gcc/arm-none-eabi/9.2.1/../../../../arm-none-eabi/lib/thumb/v7e-m/nofp/libg.a(lib_a-svfscanf.o)
 *fill*         0x000000000000d5be        0x2 
 .rodata._ctype_
                0x000000000000d5c0      0x101 /home/kunal/ti/ccs1260/ccs/tools/compiler/gcc-arm-none-eabi-9-2019-q4-major/bin/../lib/gcc/arm-none-eabi/9.2.1/../../../../arm-none-eabi/lib/thumb/v7e-m/nofp/libg.a(lib_a-ctype_.o)
                0x000000000000d5c0                _ctype_
 *fill*         0x000000000000d6c1        0x3 
 .rodata._setlocale_r.str1.4
                0x000000000000d6c4        0xa /home/kunal/ti/ccs1260/ccs/tools/compiler/gcc-arm-none-eabi-9-2019-q4-major/bin/../lib/gcc/arm-none-eabi/9.2.1/../../../../arm-none-eabi/lib/thumb/v7e-m/nofp/libg.a(lib_a-locale.o)
                                          0xd (size before relaxing)
 *fill*         0x000000000000d6ce        0x2 
 .rodata.str1.4
                0x000000000000d6d0        0x2 /home/kunal/ti/ccs1260/ccs/tools/compiler/gcc-arm-none-eabi-9-2019-q4-major/bin/../lib/gcc/arm-none-eabi/9.2.1/../../../../arm-none-eabi/lib/thumb/v7e-m/nofp/libg.a(lib_a-locale.o)
 .rodata._mbrtowc_r.str1.4
                0x000000000000d6d2        0x1 /home/kunal/ti/ccs1260/ccs/tools/compiler/gcc-arm-none-eabi-9-2019-q4-major/bin/../lib/gcc/arm-none-eabi/9.2.1/../../../../arm-none-eabi/lib/thumb/v7e-m/nofp/libg.a(lib_a-mbrtowc.o)
 *fill*         0x000000000000d6d2        0x2 
 .rodata._strtod_l.str1.4
                0x000000000000d6d4        0xf /home/kunal/ti/ccs1260/ccs/tools/compiler/gcc-arm-none-eabi-9-2019-q4-major/bin/../lib/gcc/arm-none-eabi/9.2.1/../../../../arm-none-eabi/lib/thumb/v7e-m/nofp/libg.a(lib_a-strtod.o)
                                         0x11 (size before relaxing)
 *fill*         0x000000000000d6e3        0x1 
 .rodata.fpi.6195
                0x000000000000d6e4       0x14 /home/kunal/ti/ccs1260/ccs/tools/compiler/gcc-arm-none-eabi-9-2019-q4-major/bin/../lib/gcc/arm-none-eabi/9.2.1/../../../../arm-none-eabi/lib/thumb/v7e-m/nofp/libg.a(lib_a-strtod.o)
 .rodata.fpinan.6231
                0x000000000000d6f8       0x14 /home/kunal/ti/ccs1260/ccs/tools/compiler/gcc-arm-none-eabi-9-2019-q4-major/bin/../lib/gcc/arm-none-eabi/9.2.1/../../../../arm-none-eabi/lib/thumb/v7e-m/nofp/libg.a(lib_a-strtod.o)
 *fill*         0x000000000000d70c        0x4 
 .rodata.tinytens
                0x000000000000d710       0x28 /home/kunal/ti/ccs1260/ccs/tools/compiler/gcc-arm-none-eabi-9-2019-q4-major/bin/../lib/gcc/arm-none-eabi/9.2.1/../../../../arm-none-eabi/lib/thumb/v7e-m/nofp/libg.a(lib_a-strtod.o)
 .rodata.basefix.6916
                0x000000000000d738       0x22 /home/kunal/ti/ccs1260/ccs/tools/compiler/gcc-arm-none-eabi-9-2019-q4-major/bin/../lib/gcc/arm-none-eabi/9.2.1/../../../../arm-none-eabi/lib/thumb/v7e-m/nofp/libg.a(lib_a-svfiscanf.o)
 *fill*         0x000000000000d75a        0x2 
 .rodata._svfprintf_r.str1.4
                0x000000000000d75c       0x42 /home/kunal/ti/ccs1260/ccs/tools/compiler/gcc-arm-none-eabi-9-2019-q4-major/bin/../lib/gcc/arm-none-eabi/9.2.1/../../../../arm-none-eabi/lib/thumb/v7e-m/nofp/libg.a(lib_a-svfprintf.o)
 *fill*         0x000000000000d79e        0x2 
 .rodata.blanks.7345
                0x000000000000d7a0       0x10 /home/kunal/ti/ccs1260/ccs/tools/compiler/gcc-arm-none-eabi-9-2019-q4-major/bin/../lib/gcc/arm-none-eabi/9.2.1/../../../../arm-none-eabi/lib/thumb/v7e-m/nofp/libg.a(lib_a-svfprintf.o)
 .rodata.zeroes.7346
                0x000000000000d7b0       0x10 /home/kunal/ti/ccs1260/ccs/tools/compiler/gcc-arm-none-eabi-9-2019-q4-major/bin/../lib/gcc/arm-none-eabi/9.2.1/../../../../arm-none-eabi/lib/thumb/v7e-m/nofp/libg.a(lib_a-svfprintf.o)
 .rodata._dtoa_r.str1.4
                0x000000000000d7c0        0xd /home/kunal/ti/ccs1260/ccs/tools/compiler/gcc-arm-none-eabi-9-2019-q4-major/bin/../lib/gcc/arm-none-eabi/9.2.1/../../../../arm-none-eabi/lib/thumb/v7e-m/nofp/libg.a(lib_a-dtoa.o)
                                         0x12 (size before relaxing)
 *fill*         0x000000000000d7cd        0x3 
 .rodata.__hexdig
                0x000000000000d7d0      0x100 /home/kunal/ti/ccs1260/ccs/tools/compiler/gcc-arm-none-eabi-9-2019-q4-major/bin/../lib/gcc/arm-none-eabi/9.2.1/../../../../arm-none-eabi/lib/thumb/v7e-m/nofp/libg.a(lib_a-gdtoa-gethex.o)
                0x000000000000d7d0                __hexdig
 .rodata.str1.4
                0x000000000000d8d0        0x5 /home/kunal/ti/ccs1260/ccs/tools/compiler/gcc-arm-none-eabi-9-2019-q4-major/bin/../lib/gcc/arm-none-eabi/9.2.1/../../../../arm-none-eabi/lib/thumb/v7e-m/nofp/libg.a(lib_a-lnumeric.o)
 .rodata._C_numeric_locale
                0x000000000000d8d0        0xc /home/kunal/ti/ccs1260/ccs/tools/compiler/gcc-arm-none-eabi-9-2019-q4-major/bin/../lib/gcc/arm-none-eabi/9.2.1/../../../../arm-none-eabi/lib/thumb/v7e-m/nofp/libg.a(lib_a-lnumeric.o)
                0x000000000000d8d0                _C_numeric_locale
 *fill*         0x000000000000d8dc        0x4 
 .rodata.__mprec_bigtens
                0x000000000000d8e0       0x28 /home/kunal/ti/ccs1260/ccs/tools/compiler/gcc-arm-none-eabi-9-2019-q4-major/bin/../lib/gcc/arm-none-eabi/9.2.1/../../../../arm-none-eabi/lib/thumb/v7e-m/nofp/libg.a(lib_a-mprec.o)
                0x000000000000d8e0                __mprec_bigtens
 .rodata.__mprec_tens
                0x000000000000d908       0xc8 /home/kunal/ti/ccs1260/ccs/tools/compiler/gcc-arm-none-eabi-9-2019-q4-major/bin/../lib/gcc/arm-none-eabi/9.2.1/../../../../arm-none-eabi/lib/thumb/v7e-m/nofp/libg.a(lib_a-mprec.o)
                0x000000000000d908                __mprec_tens
 .rodata.__mprec_tinytens
                0x000000000000d9d0       0x28 /home/kunal/ti/ccs1260/ccs/tools/compiler/gcc-arm-none-eabi-9-2019-q4-major/bin/../lib/gcc/arm-none-eabi/9.2.1/../../../../arm-none-eabi/lib/thumb/v7e-m/nofp/libg.a(lib_a-mprec.o)
                0x000000000000d9d0                __mprec_tinytens
 .rodata.p05.6115
                0x000000000000d9f8        0xc /home/kunal/ti/ccs1260/ccs/tools/compiler/gcc-arm-none-eabi-9-2019-q4-major/bin/../lib/gcc/arm-none-eabi/9.2.1/../../../../arm-none-eabi/lib/thumb/v7e-m/nofp/libg.a(lib_a-mprec.o)
 .rodata._svfiprintf_r.str1.4
                0x000000000000da04       0x2f /home/kunal/ti/ccs1260/ccs/tools/compiler/gcc-arm-none-eabi-9-2019-q4-major/bin/../lib/gcc/arm-none-eabi/9.2.1/../../../../arm-none-eabi/lib/thumb/v7e-m/nofp/libg.a(lib_a-svfiprintf.o)
 .rodata.blanks.7324
                0x000000000000da04       0x10 /home/kunal/ti/ccs1260/ccs/tools/compiler/gcc-arm-none-eabi-9-2019-q4-major/bin/../lib/gcc/arm-none-eabi/9.2.1/../../../../arm-none-eabi/lib/thumb/v7e-m/nofp/libg.a(lib_a-svfiprintf.o)
 .rodata.zeroes.7325
                0x000000000000da14       0x10 /home/kunal/ti/ccs1260/ccs/tools/compiler/gcc-arm-none-eabi-9-2019-q4-major/bin/../lib/gcc/arm-none-eabi/9.2.1/../../../../arm-none-eabi/lib/thumb/v7e-m/nofp/libg.a(lib_a-svfiprintf.o)

.eh_frame       0x000000000000da24        0x4
 .eh_frame      0x000000000000da24        0x0 /home/kunal/ti/ccs1260/ccs/tools/compiler/gcc-arm-none-eabi-9-2019-q4-major/bin/../lib/gcc/arm-none-eabi/9.2.1/thumb/v7e-m/nofp/crtbegin.o
 .eh_frame      0x000000000000da24        0x4 /home/kunal/ti/ccs1260/ccs/tools/compiler/gcc-arm-none-eabi-9-2019-q4-major/bin/../lib/gcc/arm-none-eabi/9.2.1/thumb/v7e-m/nofp/crtend.o

.data           0x0000000020000000      0xa3c load address 0x000000000000da28
                0x000000000000da28                __data_load__ = LOADADDR (.data)
                0x0000000020000000                __data_start__ = .
 *(.data)
 .data          0x0000000020000000        0x0 /home/kunal/ti/ccs1260/ccs/tools/compiler/gcc-arm-none-eabi-9-2019-q4-major/bin/../lib/gcc/arm-none-eabi/9.2.1/thumb/v7e-m/nofp/crti.o
 .data          0x0000000020000000        0x4 /home/kunal/ti/ccs1260/ccs/tools/compiler/gcc-arm-none-eabi-9-2019-q4-major/bin/../lib/gcc/arm-none-eabi/9.2.1/thumb/v7e-m/nofp/crtbegin.o
                0x0000000020000000                __dso_handle
 .data          0x0000000020000004        0x0 /home/kunal/ti/ccs1260/ccs/tools/compiler/gcc-arm-none-eabi-9-2019-q4-major/bin/../lib/gcc/arm-none-eabi/9.2.1/../../../../arm-none-eabi/lib/thumb/v7e-m/nofp/crt0.o
 .data          0x0000000020000004        0x0 ./blink.o
 .data          0x0000000020000004        0x0 ./keypad.o
 .data          0x0000000020000004        0x0 ./lcd.o
 .data          0x0000000020000004        0x0 ./main.o
 .data          0x0000000020000004        0x0 ./segment7.o
 .data          0x0000000020000004        0x0 ./tm4c123gh6pm_startup_ccs_gcc.o
 .data          0x0000000020000004        0x0 ./uart.o
 .data          0x0000000020000004        0x0 /home/kunal/ti/ccs1260/ccs/tools/compiler/gcc-arm-none-eabi-9-2019-q4-major/bin/../lib/gcc/arm-none-eabi/9.2.1/../../../../arm-none-eabi/lib/thumb/v7e-m/nofp/libg.a(lib_a-exit.o)
 .data          0x0000000020000004        0x0 /home/kunal/ti/ccs1260/ccs/tools/compiler/gcc-arm-none-eabi-9-2019-q4-major/bin/../lib/gcc/arm-none-eabi/9.2.1/../../../../arm-none-eabi/lib/thumb/v7e-m/nofp/libg.a(lib_a-impure.o)
 .data          0x0000000020000004        0x0 /home/kunal/ti/ccs1260/ccs/tools/compiler/gcc-arm-none-eabi-9-2019-q4-major/bin/../lib/gcc/arm-none-eabi/9.2.1/../../../../arm-none-eabi/lib/thumb/v7e-m/nofp/libg.a(lib_a-init.o)
 .data          0x0000000020000004        0x0 /home/kunal/ti/ccs1260/ccs/tools/compiler/gcc-arm-none-eabi-9-2019-q4-major/bin/../lib/gcc/arm-none-eabi/9.2.1/../../../../arm-none-eabi/lib/thumb/v7e-m/nofp/libg.a(lib_a-memset.o)
 .data          0x0000000020000004        0x0 /home/kunal/ti/ccs1260/ccs/tools/compiler/gcc-arm-none-eabi-9-2019-q4-major/bin/../lib/gcc/arm-none-eabi/9.2.1/../../../../arm-none-eabi/lib/thumb/v7e-m/nofp/libg.a(lib_a-sscanf.o)
 .data          0x0000000020000004        0x0 /home/kunal/ti/ccs1260/ccs/tools/compiler/gcc-arm-none-eabi-9-2019-q4-major/bin/../lib/gcc/arm-none-eabi/9.2.1/../../../../arm-none-eabi/lib/thumb/v7e-m/nofp/libg.a(lib_a-stdio.o)
 .data          0x0000000020000004        0x0 /home/kunal/ti/ccs1260/ccs/tools/compiler/gcc-arm-none-eabi-9-2019-q4-major/bin/../lib/gcc/arm-none-eabi/9.2.1/../../../../arm-none-eabi/lib/thumb/v7e-m/nofp/libg.a(lib_a-strlen.o)
 .data          0x0000000020000004        0x0 /home/kunal/ti/ccs1260/ccs/tools/compiler/gcc-arm-none-eabi-9-2019-q4-major/bin/../lib/gcc/arm-none-eabi/9.2.1/../../../../arm-none-eabi/lib/thumb/v7e-m/nofp/libg.a(lib_a-svfscanf.o)
 .data          0x0000000020000004        0x0 /home/kunal/ti/ccs1260/ccs/tools/compiler/gcc-arm-none-eabi-9-2019-q4-major/bin/../lib/gcc/arm-none-eabi/9.2.1/../../../../arm-none-eabi/lib/thumb/v7e-m/nofp/libg.a(lib_a-writer.o)
 .data          0x0000000020000004        0x0 /home/kunal/ti/ccs1260/ccs/tools/compiler/gcc-arm-none-eabi-9-2019-q4-major/bin/../lib/gcc/arm-none-eabi/9.2.1/../../../../arm-none-eabi/lib/thumb/v7e-m/nofp/libg.a(lib_a-__call_atexit.o)
 .data          0x0000000020000004        0x0 /home/kunal/ti/ccs1260/ccs/tools/compiler/gcc-arm-none-eabi-9-2019-q4-major/bin/../lib/gcc/arm-none-eabi/9.2.1/../../../../arm-none-eabi/lib/thumb/v7e-m/nofp/libg.a(lib_a-atexit.o)
 .data          0x0000000020000004        0x0 /home/kunal/ti/ccs1260/ccs/tools/compiler/gcc-arm-none-eabi-9-2019-q4-major/bin/../lib/gcc/arm-none-eabi/9.2.1/../../../../arm-none-eabi/lib/thumb/v7e-m/nofp/libg.a(lib_a-closer.o)
 .data          0x0000000020000004        0x0 /home/kunal/ti/ccs1260/ccs/tools/compiler/gcc-arm-none-eabi-9-2019-q4-major/bin/../lib/gcc/arm-none-eabi/9.2.1/../../../../arm-none-eabi/lib/thumb/v7e-m/nofp/libg.a(lib_a-ctype_.o)
 .data          0x0000000020000004        0x0 /home/kunal/ti/ccs1260/ccs/tools/compiler/gcc-arm-none-eabi-9-2019-q4-major/bin/../lib/gcc/arm-none-eabi/9.2.1/../../../../arm-none-eabi/lib/thumb/v7e-m/nofp/libg.a(lib_a-fini.o)
 .data          0x0000000020000004        0x0 /home/kunal/ti/ccs1260/ccs/tools/compiler/gcc-arm-none-eabi-9-2019-q4-major/bin/../lib/gcc/arm-none-eabi/9.2.1/../../../../arm-none-eabi/lib/thumb/v7e-m/nofp/libg.a(lib_a-iswspace.o)
 .data          0x0000000020000004        0x0 /home/kunal/ti/ccs1260/ccs/tools/compiler/gcc-arm-none-eabi-9-2019-q4-major/bin/../lib/gcc/arm-none-eabi/9.2.1/../../../../arm-none-eabi/lib/thumb/v7e-m/nofp/libg.a(lib_a-iswspace_l.o)
 .data          0x0000000020000004        0x0 /home/kunal/ti/ccs1260/ccs/tools/compiler/gcc-arm-none-eabi-9-2019-q4-major/bin/../lib/gcc/arm-none-eabi/9.2.1/../../../../arm-none-eabi/lib/thumb/v7e-m/nofp/libg.a(lib_a-locale.o)
 .data          0x0000000020000004        0x0 /home/kunal/ti/ccs1260/ccs/tools/compiler/gcc-arm-none-eabi-9-2019-q4-major/bin/../lib/gcc/arm-none-eabi/9.2.1/../../../../arm-none-eabi/lib/thumb/v7e-m/nofp/libg.a(lib_a-localeconv.o)
 .data          0x0000000020000004        0x0 /home/kunal/ti/ccs1260/ccs/tools/compiler/gcc-arm-none-eabi-9-2019-q4-major/bin/../lib/gcc/arm-none-eabi/9.2.1/../../../../arm-none-eabi/lib/thumb/v7e-m/nofp/libg.a(lib_a-lock.o)
 .data          0x0000000020000004        0x0 /home/kunal/ti/ccs1260/ccs/tools/compiler/gcc-arm-none-eabi-9-2019-q4-major/bin/../lib/gcc/arm-none-eabi/9.2.1/../../../../arm-none-eabi/lib/thumb/v7e-m/nofp/libg.a(lib_a-lseekr.o)
 .data          0x0000000020000004        0x0 /home/kunal/ti/ccs1260/ccs/tools/compiler/gcc-arm-none-eabi-9-2019-q4-major/bin/../lib/gcc/arm-none-eabi/9.2.1/../../../../arm-none-eabi/lib/thumb/v7e-m/nofp/libg.a(lib_a-malloc.o)
 .data          0x0000000020000004        0x0 /home/kunal/ti/ccs1260/ccs/tools/compiler/gcc-arm-none-eabi-9-2019-q4-major/bin/../lib/gcc/arm-none-eabi/9.2.1/../../../../arm-none-eabi/lib/thumb/v7e-m/nofp/libg.a(lib_a-mallocr.o)
 .data          0x0000000020000004        0x0 /home/kunal/ti/ccs1260/ccs/tools/compiler/gcc-arm-none-eabi-9-2019-q4-major/bin/../lib/gcc/arm-none-eabi/9.2.1/../../../../arm-none-eabi/lib/thumb/v7e-m/nofp/libg.a(lib_a-mbrtowc.o)
 .data          0x0000000020000004        0x0 /home/kunal/ti/ccs1260/ccs/tools/compiler/gcc-arm-none-eabi-9-2019-q4-major/bin/../lib/gcc/arm-none-eabi/9.2.1/../../../../arm-none-eabi/lib/thumb/v7e-m/nofp/libg.a(lib_a-mbtowc_r.o)